Archive member included to satisfy reference by file (symbol)

libs/joystick/libjoystick.a(joystick.c.obj)
                              CMakeFiles/bitdoglab_project.dir/main.c.obj (joystick_init)
libs/mic/libmic.a(mic.c.obj)  CMakeFiles/bitdoglab_project.dir/main.c.obj (init_mic)
libs/malha_led/libmalha_led.a(malha_led.c.obj)
                              CMakeFiles/bitdoglab_project.dir/main.c.obj (npInit)
C:/Users/ismae/.pico-sdk/toolchain/14_2_Rel1/bin/../lib/gcc/arm-none-eabi/14.2.1/thumb/v6-m/nofp\libgcc.a(_dvmd_tls.o)
                              CMakeFiles/bitdoglab_project.dir/C_/Users/ismae/.pico-sdk/sdk/2.1.1/src/rp2_common/pico_divider/divider_hardware.S.obj (__aeabi_idiv0)
C:/Users/ismae/.pico-sdk/toolchain/14_2_Rel1/bin/../lib/gcc/arm-none-eabi/14.2.1/thumb/v6-m/nofp\libg.a(libc_a-calloc.o)
                              CMakeFiles/bitdoglab_project.dir/C_/Users/ismae/.pico-sdk/sdk/2.1.1/src/rp2_common/pico_malloc/malloc.c.obj (calloc)
C:/Users/ismae/.pico-sdk/toolchain/14_2_Rel1/bin/../lib/gcc/arm-none-eabi/14.2.1/thumb/v6-m/nofp\libg.a(libc_a-callocr.o)
                              C:/Users/ismae/.pico-sdk/toolchain/14_2_Rel1/bin/../lib/gcc/arm-none-eabi/14.2.1/thumb/v6-m/nofp\libg.a(libc_a-calloc.o) (_calloc_r)
C:/Users/ismae/.pico-sdk/toolchain/14_2_Rel1/bin/../lib/gcc/arm-none-eabi/14.2.1/thumb/v6-m/nofp\libg.a(libc_a-malloc.o)
                              CMakeFiles/bitdoglab_project.dir/C_/Users/ismae/.pico-sdk/sdk/2.1.1/src/rp2_common/pico_malloc/malloc.c.obj (malloc)
C:/Users/ismae/.pico-sdk/toolchain/14_2_Rel1/bin/../lib/gcc/arm-none-eabi/14.2.1/thumb/v6-m/nofp\libg.a(libc_a-mallocr.o)
                              C:/Users/ismae/.pico-sdk/toolchain/14_2_Rel1/bin/../lib/gcc/arm-none-eabi/14.2.1/thumb/v6-m/nofp\libg.a(libc_a-callocr.o) (_malloc_r)
C:/Users/ismae/.pico-sdk/toolchain/14_2_Rel1/bin/../lib/gcc/arm-none-eabi/14.2.1/thumb/v6-m/nofp\libg.a(libc_a-mlock.o)
                              C:/Users/ismae/.pico-sdk/toolchain/14_2_Rel1/bin/../lib/gcc/arm-none-eabi/14.2.1/thumb/v6-m/nofp\libg.a(libc_a-mallocr.o) (__malloc_lock)
C:/Users/ismae/.pico-sdk/toolchain/14_2_Rel1/bin/../lib/gcc/arm-none-eabi/14.2.1/thumb/v6-m/nofp\libg.a(libc_a-realloc.o)
                              CMakeFiles/bitdoglab_project.dir/C_/Users/ismae/.pico-sdk/sdk/2.1.1/src/rp2_common/pico_malloc/malloc.c.obj (realloc)
C:/Users/ismae/.pico-sdk/toolchain/14_2_Rel1/bin/../lib/gcc/arm-none-eabi/14.2.1/thumb/v6-m/nofp\libg.a(libc_a-reallocr.o)
                              C:/Users/ismae/.pico-sdk/toolchain/14_2_Rel1/bin/../lib/gcc/arm-none-eabi/14.2.1/thumb/v6-m/nofp\libg.a(libc_a-realloc.o) (_realloc_r)
C:/Users/ismae/.pico-sdk/toolchain/14_2_Rel1/bin/../lib/gcc/arm-none-eabi/14.2.1/thumb/v6-m/nofp\libg.a(libc_a-memcmp.o)
                              CMakeFiles/bitdoglab_project.dir/C_/Users/ismae/.pico-sdk/sdk/2.1.1/src/rp2_common/pico_atomic/atomic.c.obj (memcmp)
C:/Users/ismae/.pico-sdk/toolchain/14_2_Rel1/bin/../lib/gcc/arm-none-eabi/14.2.1/thumb/v6-m/nofp\libg.a(libc_a-memmove.o)
                              C:/Users/ismae/.pico-sdk/toolchain/14_2_Rel1/bin/../lib/gcc/arm-none-eabi/14.2.1/thumb/v6-m/nofp\libg.a(libc_a-reallocr.o) (memmove)
C:/Users/ismae/.pico-sdk/toolchain/14_2_Rel1/bin/../lib/gcc/arm-none-eabi/14.2.1/thumb/v6-m/nofp\libg.a(libc_a-lcltime_r.o)
                              CMakeFiles/bitdoglab_project.dir/C_/Users/ismae/.pico-sdk/sdk/2.1.1/src/common/pico_util/datetime.c.obj (localtime_r)
C:/Users/ismae/.pico-sdk/toolchain/14_2_Rel1/bin/../lib/gcc/arm-none-eabi/14.2.1/thumb/v6-m/nofp\libg.a(libc_a-mktime.o)
                              CMakeFiles/bitdoglab_project.dir/C_/Users/ismae/.pico-sdk/sdk/2.1.1/src/common/pico_util/datetime.c.obj (mktime)
C:/Users/ismae/.pico-sdk/toolchain/14_2_Rel1/bin/../lib/gcc/arm-none-eabi/14.2.1/thumb/v6-m/nofp\libg.a(libc_a-month_lengths.o)
                              C:/Users/ismae/.pico-sdk/toolchain/14_2_Rel1/bin/../lib/gcc/arm-none-eabi/14.2.1/thumb/v6-m/nofp\libg.a(libc_a-lcltime_r.o) (__month_lengths)
C:/Users/ismae/.pico-sdk/toolchain/14_2_Rel1/bin/../lib/gcc/arm-none-eabi/14.2.1/thumb/v6-m/nofp\libg.a(libc_a-tzcalc_limits.o)
                              C:/Users/ismae/.pico-sdk/toolchain/14_2_Rel1/bin/../lib/gcc/arm-none-eabi/14.2.1/thumb/v6-m/nofp\libg.a(libc_a-lcltime_r.o) (__tzcalc_limits)
C:/Users/ismae/.pico-sdk/toolchain/14_2_Rel1/bin/../lib/gcc/arm-none-eabi/14.2.1/thumb/v6-m/nofp\libg.a(libc_a-tzlock.o)
                              C:/Users/ismae/.pico-sdk/toolchain/14_2_Rel1/bin/../lib/gcc/arm-none-eabi/14.2.1/thumb/v6-m/nofp\libg.a(libc_a-lcltime_r.o) (__tz_lock)
C:/Users/ismae/.pico-sdk/toolchain/14_2_Rel1/bin/../lib/gcc/arm-none-eabi/14.2.1/thumb/v6-m/nofp\libg.a(libc_a-tzset.o)
                              C:/Users/ismae/.pico-sdk/toolchain/14_2_Rel1/bin/../lib/gcc/arm-none-eabi/14.2.1/thumb/v6-m/nofp\libg.a(libc_a-lcltime_r.o) (_tzset_unlocked)
[...]
Memory Configuration

Name             Origin             Length             Attributes
FLASH            0x10000000         0x00200000         xr
RAM              0x20000000         0x00040000         xrw
SCRATCH_X        0x20040000         0x00001000         xrw
SCRATCH_Y        0x20041000         0x00001000         xrw
*default*        0x00000000         0xffffffff

Linker script and memory map

LOAD C:/Users/ismae/.pico-sdk/toolchain/14_2_Rel1/bin/../lib/gcc/arm-none-eabi/14.2.1/thumb/v6-m/nofp/crti.o
LOAD C:/Users/ismae/.pico-sdk/toolchain/14_2_Rel1/bin/../lib/gcc/arm-none-eabi/14.2.1/thumb/v6-m/nofp/crtbegin.o
LOAD C:/Users/ismae/.pico-sdk/toolchain/14_2_Rel1/bin/../lib/gcc/arm-none-eabi/14.2.1/thumb/v6-m/nofp/crt0.o

.flash_begin    0x10000000        0x0
                0x10000000                        __flash_binary_start = .

.boot2          0x10000000      0x100
                0x10000000                        __boot2_start__ = .
 *(.boot2)
 .boot2         0x10000000      0x100 pico-sdk/src/rp2040/boot_stage2/CMakeFiles/bs2_default_library.dir/./bs2_default_padded_checksummed.S.obj
                0x10000100                        __boot2_end__ = .
                0x00000001                        ASSERT (((__boot2_end__ - __boot2_start__) == 0x100), ERROR: Pico second stage bootloader must be 256 bytes in size)

.text           0x10000100     0x5ff4
                0x10000100                        __logical_binary_start = .
 *(.vectors)
 .vectors       0x10000100       0xd4 CMakeFiles/bitdoglab_project.dir/C_/Users/ismae/.pico-sdk/sdk/2.1.1/src/rp2_common/pico_crt0/crt0.S.obj
                0x10000100                __VECTOR_TABLE
                0x10000100                __vectors
                0x100001c0                isr_invalid
                0x100001c0                __default_isrs_start
                0x100001c2                isr_nmi
                0x100001c4                isr_hardfault
                0x100001c6                isr_svcall
                0x100001c8                isr_pendsv
                0x100001ca                isr_systick
                0x100001cc                isr_irq23
                0x100001cc                isr_irq18
                0x100001cc                isr_irq11
                0x100001cc                isr_irq28
                0x100001cc                isr_irq19
                0x100001cc                isr_irq0
                0x100001cc                isr_irq6
                0x100001cc                isr_irq5
                0x100001cc                isr_irq12
                0x100001cc                isr_irq22
                0x100001cc                isr_irq31
                0x100001cc                isr_irq17
                0x100001cc                isr_irq27
                0x100001cc                isr_irq30
                0x100001cc                isr_irq2
                0x100001cc                isr_irq10
                0x100001cc                isr_irq8
                0x100001cc                isr_irq24
                0x100001cc                isr_irq1
                0x100001cc                isr_irq7
                0x100001cc                isr_irq21
                0x100001cc                isr_irq20
                0x100001cc                isr_irq15
                0x100001cc                isr_irq25
                0x100001cc                isr_irq13
                0x100001cc                __unhandled_user_irq
                0x100001cc                isr_irq4
                0x100001cc                isr_irq16
                0x100001cc                isr_irq29
                0x100001cc                isr_irq26
                0x100001cc                __default_isrs_end
                0x100001cc                isr_irq3
                0x100001cc                isr_irq14
                0x100001cc                isr_irq9
                0x100001d2                unhandled_user_irq_num_in_r0
 *(.binary_info_header)
 .binary_info_header
                0x100001d4       0x14 CMakeFiles/bitdoglab_project.dir/C_/Users/ismae/.pico-sdk/sdk/2.1.1/src/rp2_common/pico_crt0/crt0.S.obj
                0x100001e8                        __binary_info_header_end = .
 *(.embedded_block)
                0x100001e8                        __embedded_block_end = .
 *(.reset)
 .reset         0x100001e8       0x9c CMakeFiles/bitdoglab_project.dir/C_/Users/ismae/.pico-sdk/sdk/2.1.1/src/rp2_common/pico_crt0/crt0.S.obj
                0x100001e8                _entry_point
 *(.init)
 .init          0x10000284        0x4 C:/Users/ismae/.pico-sdk/toolchain/14_2_Rel1/bin/../lib/gcc/arm-none-eabi/14.2.1/thumb/v6-m/nofp/crti.o
                0x10000284                _init
 *(EXCLUDE_FILE(*libm.a: *libc.a:*lib_a-mem*.o *libgcc.a:) .text*)
 .text.register_tm_clones
                0x10000288       0x28 C:/Users/ismae/.pico-sdk/toolchain/14_2_Rel1/bin/../lib/gcc/arm-none-eabi/14.2.1/thumb/v6-m/nofp/crtbegin.o
 .text.frame_dummy
                0x100002b0       0x24 C:/Users/ismae/.pico-sdk/toolchain/14_2_Rel1/bin/../lib/gcc/arm-none-eabi/14.2.1/thumb/v6-m/nofp/crtbegin.o
 .text.startup.main
                0x100002d4      0x284 CMakeFiles/bitdoglab_project.dir/main.c.obj
                0x100002d4                main
 .text.gpio_set_function
                0x10000558       0x34 CMakeFiles/bitdoglab_project.dir/C_/Users/ismae/.pico-sdk/sdk/2.1.1/src/rp2_common/hardware_gpio/gpio.c.obj
                0x10000558                gpio_set_function
 .text.gpio_set_pulls
                0x1000058c       0x28 CMakeFiles/bitdoglab_project.dir/C_/Users/ismae/.pico-sdk/sdk/2.1.1/src/rp2_common/hardware_gpio/gpio.c.obj
                0x1000058c                gpio_set_pulls
 .text.gpio_set_input_enabled
                0x100005b4       0x28 CMakeFiles/bitdoglab_project.dir/C_/Users/ismae/.pico-sdk/sdk/2.1.1/src/rp2_common/hardware_gpio/gpio.c.obj
                0x100005b4                gpio_set_input_enabled
 .text.gpio_init
                0x100005dc       0x40 CMakeFiles/bitdoglab_project.dir/C_/Users/ismae/.pico-sdk/sdk/2.1.1/src/rp2_common/hardware_gpio/gpio.c.obj
                0x100005dc                gpio_init
 .text.rp2040_chip_version
                0x1000061c        0xc CMakeFiles/bitdoglab_project.dir/C_/Users/ismae/.pico-sdk/sdk/2.1.1/src/rp2040/pico_platform/platform.c.obj
                0x1000061c                rp2040_chip_version
 .text.panic    0x10000628       0x30 CMakeFiles/bitdoglab_project.dir/C_/Users/ismae/.pico-sdk/sdk/2.1.1/src/rp2_common/pico_platform_panic/panic.c.obj
                0x10000628                panic
 .text.hw_claim_lock
                0x10000658       0x18 CMakeFiles/bitdoglab_project.dir/C_/Users/ismae/.pico-sdk/sdk/2.1.1/src/common/hardware_claim/claim.c.obj
                0x10000658                hw_claim_lock
 .text.hw_claim_unlock
                0x10000670       0x14 CMakeFiles/bitdoglab_project.dir/C_/Users/ismae/.pico-sdk/sdk/2.1.1/src/common/hardware_claim/claim.c.obj
                0x10000670                hw_claim_unlock
 .text.hw_claim_or_assert
                0x10000684       0x44 CMakeFiles/bitdoglab_project.dir/C_/Users/ismae/.pico-sdk/sdk/2.1.1/src/common/hardware_claim/claim.c.obj
                0x10000684                hw_claim_or_assert
 .text.hw_claim_unused_from_range
                0x100006c8       0x88 CMakeFiles/bitdoglab_project.dir/C_/Users/ismae/.pico-sdk/sdk/2.1.1/src/common/hardware_claim/claim.c.obj
                0x100006c8                hw_claim_unused_from_range
 .text.next_striped_spin_lock_num
                0x10000750       0x18 CMakeFiles/bitdoglab_project.dir/C_/Users/ismae/.pico-sdk/sdk/2.1.1/src/rp2_common/hardware_sync/sync.c.obj
                0x10000750                next_striped_spin_lock_num
 .text.spin_lock_claim_unused
                0x10000768       0x24 CMakeFiles/bitdoglab_project.dir/C_/Users/ismae/.pico-sdk/sdk/2.1.1/src/rp2_common/hardware_sync/sync.c.obj
                0x10000768                spin_lock_claim_unused
 .text.spin_locks_reset
                0x1000078c       0x1c CMakeFiles/bitdoglab_project.dir/C_/Users/ismae/.pico-sdk/sdk/2.1.1/src/rp2_common/hardware_sync_spin_lock/sync_spin_lock.c.obj
                0x1000078c                spin_locks_reset
 .text.runtime_init_per_core_irq_priorities
                0x100007a8       0x24 CMakeFiles/bitdoglab_project.dir/C_/Users/ismae/.pico-sdk/sdk/2.1.1/src/rp2_common/hardware_irq/irq.c.obj
                0x100007a8                runtime_init_per_core_irq_priorities
 .text.irq_set_enabled
                0x100007cc       0x24 CMakeFiles/bitdoglab_project.dir/C_/Users/ismae/.pico-sdk/sdk/2.1.1/src/rp2_common/hardware_irq/irq.c.obj
                0x100007cc                irq_set_enabled
 .text.irq_is_enabled
                0x100007f0       0x18 CMakeFiles/bitdoglab_project.dir/C_/Users/ismae/.pico-sdk/sdk/2.1.1/src/rp2_common/hardware_irq/irq.c.obj
                0x100007f0                irq_is_enabled
 .text.irq_set_pending
                0x10000808       0x10 CMakeFiles/bitdoglab_project.dir/C_/Users/ismae/.pico-sdk/sdk/2.1.1/src/rp2_common/hardware_irq/irq.c.obj
                0x10000808                irq_set_pending
 .text.irq_has_shared_handler
                0x10000818       0x24 CMakeFiles/bitdoglab_project.dir/C_/Users/ismae/.pico-sdk/sdk/2.1.1/src/rp2_common/hardware_irq/irq.c.obj
                0x10000818                irq_has_shared_handler
 .text.irq_set_exclusive_handler
                0x1000083c       0x54 CMakeFiles/bitdoglab_project.dir/C_/Users/ismae/.pico-sdk/sdk/2.1.1/src/rp2_common/hardware_irq/irq.c.obj
                0x1000083c                irq_set_exclusive_handler
 .text.irq_add_shared_handler
                0x10000890      0x1f4 CMakeFiles/bitdoglab_project.dir/C_/Users/ismae/.pico-sdk/sdk/2.1.1/src/rp2_common/hardware_irq/irq.c.obj
                0x10000890                irq_add_shared_handler
 .text.irq_remove_handler
                0x10000a84      0x1d4 CMakeFiles/bitdoglab_project.dir/C_/Users/ismae/.pico-sdk/sdk/2.1.1/src/rp2_common/hardware_irq/irq.c.obj
                0x10000a84                irq_remove_handler
 .text.irq_add_tail_to_free_list
                0x10000c58       0xb4 CMakeFiles/bitdoglab_project.dir/C_/Users/ismae/.pico-sdk/sdk/2.1.1/src/rp2_common/hardware_irq/irq.c.obj
                0x10000c58                irq_add_tail_to_free_list
 .text.user_irq_claim_unused
                0x10000d0c       0x2c CMakeFiles/bitdoglab_project.dir/C_/Users/ismae/.pico-sdk/sdk/2.1.1/src/rp2_common/hardware_irq/irq.c.obj
                0x10000d0c                user_irq_claim_unused
 .text.lock_init
                0x10000d38       0x10 CMakeFiles/bitdoglab_project.dir/C_/Users/ismae/.pico-sdk/sdk/2.1.1/src/common/pico_sync/lock_core.c.obj
                0x10000d38                lock_init
 .text.runtime_init_mutex
                0x10000d48       0x50 CMakeFiles/bitdoglab_project.dir/C_/Users/ismae/.pico-sdk/sdk/2.1.1/src/common/pico_sync/mutex.c.obj
                0x10000d48                runtime_init_mutex
 .text.mutex_init
                0x10000d98       0x1c CMakeFiles/bitdoglab_project.dir/C_/Users/ismae/.pico-sdk/sdk/2.1.1/src/common/pico_sync/mutex.c.obj
                0x10000d98                mutex_init
 .text.critical_section_init
                0x10000db4       0x1c CMakeFiles/bitdoglab_project.dir/C_/Users/ismae/.pico-sdk/sdk/2.1.1/src/common/pico_sync/critical_section.c.obj
                0x10000db4                critical_section_init
 .text.critical_section_init_with_lock_num
                0x10000dd0       0x14 CMakeFiles/bitdoglab_project.dir/C_/Users/ismae/.pico-sdk/sdk/2.1.1/src/common/pico_sync/critical_section.c.obj
                0x10000dd0                critical_section_init_with_lock_num
 .text.sleep_until_callback
                0x10000de4       0x30 CMakeFiles/bitdoglab_project.dir/C_/Users/ismae/.pico-sdk/sdk/2.1.1/src/common/pico_time/time.c.obj
 .text.alarm_pool_irq_handler
                0x10000e14      0x300 CMakeFiles/bitdoglab_project.dir/C_/Users/ismae/.pico-sdk/sdk/2.1.1/src/common/pico_time/time.c.obj
 .text.runtime_init_default_alarm_pool
                0x10001114       0xdc CMakeFiles/bitdoglab_project.dir/C_/Users/ismae/.pico-sdk/sdk/2.1.1/src/common/pico_time/time.c.obj
                0x10001114                runtime_init_default_alarm_pool
 .text.alarm_pool_get_default
                0x100011f0        0x8 CMakeFiles/bitdoglab_project.dir/C_/Users/ismae/.pico-sdk/sdk/2.1.1/src/common/pico_time/time.c.obj
                0x100011f0                alarm_pool_get_default
 .text.alarm_pool_add_alarm_at
                0x100011f8       0xd0 CMakeFiles/bitdoglab_project.dir/C_/Users/ismae/.pico-sdk/sdk/2.1.1/src/common/pico_time/time.c.obj
                0x100011f8                alarm_pool_add_alarm_at
 .text.alarm_pool_add_alarm_at_force_in_context
                0x100012c8       0xb0 CMakeFiles/bitdoglab_project.dir/C_/Users/ismae/.pico-sdk/sdk/2.1.1/src/common/pico_time/time.c.obj
                0x100012c8                alarm_pool_add_alarm_at_force_in_context
 .text.alarm_pool_cancel_alarm
                0x10001378       0x74 CMakeFiles/bitdoglab_project.dir/C_/Users/ismae/.pico-sdk/sdk/2.1.1/src/common/pico_time/time.c.obj
                0x10001378                alarm_pool_cancel_alarm
 .text.alarm_pool_core_num
                0x100013ec        0x4 CMakeFiles/bitdoglab_project.dir/C_/Users/ismae/.pico-sdk/sdk/2.1.1/src/common/pico_time/time.c.obj
                0x100013ec                alarm_pool_core_num
 .text.sleep_until
                0x100013f0       0xd0 CMakeFiles/bitdoglab_project.dir/C_/Users/ismae/.pico-sdk/sdk/2.1.1/src/common/pico_time/time.c.obj
                0x100013f0                sleep_until
 .text.sleep_us
                0x100014c0       0xec CMakeFiles/bitdoglab_project.dir/C_/Users/ismae/.pico-sdk/sdk/2.1.1/src/common/pico_time/time.c.obj
                0x100014c0                sleep_us
 .text.sleep_ms
                0x100015ac       0xfc CMakeFiles/bitdoglab_project.dir/C_/Users/ismae/.pico-sdk/sdk/2.1.1/src/common/pico_time/time.c.obj
                0x100015ac                sleep_ms
 .text.best_effort_wfe_or_timeout
                0x100016a8      0x10c CMakeFiles/bitdoglab_project.dir/C_/Users/ismae/.pico-sdk/sdk/2.1.1/src/common/pico_time/time.c.obj
                0x100016a8                best_effort_wfe_or_timeout
 .text.timer_hardware_alarm_claim
                0x100017b4       0x14 CMakeFiles/bitdoglab_project.dir/C_/Users/ismae/.pico-sdk/sdk/2.1.1/src/rp2_common/hardware_timer/timer.c.obj
                0x100017b4                timer_hardware_alarm_claim
 .text.timer_time_us_64
                0x100017c8       0x10 CMakeFiles/bitdoglab_project.dir/C_/Users/ismae/.pico-sdk/sdk/2.1.1/src/rp2_common/hardware_timer/timer.c.obj
                0x100017c8                timer_time_us_64
 .text.time_us_64
                0x100017d8       0x14 CMakeFiles/bitdoglab_project.dir/C_/Users/ismae/.pico-sdk/sdk/2.1.1/src/rp2_common/hardware_timer/timer.c.obj
                0x100017d8                time_us_64
 .text.busy_wait_us
                0x100017ec       0x68 CMakeFiles/bitdoglab_project.dir/C_/Users/ismae/.pico-sdk/sdk/2.1.1/src/rp2_common/hardware_timer/timer.c.obj
                0x100017ec                busy_wait_us
 .text.busy_wait_until
                0x10001854       0x20 CMakeFiles/bitdoglab_project.dir/C_/Users/ismae/.pico-sdk/sdk/2.1.1/src/rp2_common/hardware_timer/timer.c.obj
                0x10001854                busy_wait_until
 .text.uart_init
                0x10001874      0x120 CMakeFiles/bitdoglab_project.dir/C_/Users/ismae/.pico-sdk/sdk/2.1.1/src/rp2_common/hardware_uart/uart.c.obj
                0x10001874                uart_init
 .text.clock_configure_int_divider
                0x10001994       0xf4 CMakeFiles/bitdoglab_project.dir/C_/Users/ismae/.pico-sdk/sdk/2.1.1/src/rp2_common/hardware_clocks/clocks.c.obj
                0x10001994                clock_configure_int_divider
 .text.clock_configure_undivided
                0x10001a88       0xe8 CMakeFiles/bitdoglab_project.dir/C_/Users/ismae/.pico-sdk/sdk/2.1.1/src/rp2_common/hardware_clocks/clocks.c.obj
                0x10001a88                clock_configure_undivided
 .text.clock_get_hz
                0x10001b70        0xc CMakeFiles/bitdoglab_project.dir/C_/Users/ismae/.pico-sdk/sdk/2.1.1/src/rp2_common/hardware_clocks/clocks.c.obj
                0x10001b70                clock_get_hz
 .text.pll_init
                0x10001b7c       0xa4 CMakeFiles/bitdoglab_project.dir/C_/Users/ismae/.pico-sdk/sdk/2.1.1/src/rp2_common/hardware_pll/pll.c.obj
                0x10001b7c                pll_init
 .text.watchdog_reboot
                0x10001c20       0x9c CMakeFiles/bitdoglab_project.dir/C_/Users/ismae/.pico-sdk/sdk/2.1.1/src/rp2_common/hardware_watchdog/watchdog.c.obj
                0x10001c20                watchdog_reboot
 .text.tick_start
                0x10001cbc       0x10 CMakeFiles/bitdoglab_project.dir/C_/Users/ismae/.pico-sdk/sdk/2.1.1/src/rp2_common/hardware_ticks/ticks.c.obj
                0x10001cbc                tick_start
 .text.rom_func_lookup
                0x10001ccc       0x10 CMakeFiles/bitdoglab_project.dir/C_/Users/ismae/.pico-sdk/sdk/2.1.1/src/rp2_common/pico_bootrom/bootrom.c.obj
                0x10001ccc                rom_func_lookup
 .text.rom_data_lookup
                0x10001cdc       0x10 CMakeFiles/bitdoglab_project.dir/C_/Users/ismae/.pico-sdk/sdk/2.1.1/src/rp2_common/pico_bootrom/bootrom.c.obj
                0x10001cdc                rom_data_lookup
 .text.rom_funcs_lookup
                0x10001cec       0x44 CMakeFiles/bitdoglab_project.dir/C_/Users/ismae/.pico-sdk/sdk/2.1.1/src/rp2_common/pico_bootrom/bootrom.c.obj
                0x10001cec                rom_funcs_lookup
 .text.rom_reset_usb_boot_extra
                0x10001d30       0x24 CMakeFiles/bitdoglab_project.dir/C_/Users/ismae/.pico-sdk/sdk/2.1.1/src/rp2_common/pico_bootrom/bootrom.c.obj
                0x10001d30                rom_reset_usb_boot_extra
 .text.xosc_init
                0x10001d54       0x28 CMakeFiles/bitdoglab_project.dir/C_/Users/ismae/.pico-sdk/sdk/2.1.1/src/rp2_common/hardware_xosc/xosc.c.obj
                0x10001d54                xosc_init
 .text.first_per_core_initializer
                0x10001d7c        0x4 CMakeFiles/bitdoglab_project.dir/C_/Users/ismae/.pico-sdk/sdk/2.1.1/src/rp2_common/pico_runtime/runtime.c.obj
 .text.hard_assertion_failure
                0x10001d80        0xc CMakeFiles/bitdoglab_project.dir/C_/Users/ismae/.pico-sdk/sdk/2.1.1/src/rp2_common/pico_runtime/runtime.c.obj
                0x10001d80                hard_assertion_failure
 .text.runtime_run_initializers
                0x10001d8c       0x28 CMakeFiles/bitdoglab_project.dir/C_/Users/ismae/.pico-sdk/sdk/2.1.1/src/rp2_common/pico_runtime/runtime.c.obj
                0x10001d8c                runtime_run_initializers
 .text.runtime_init_early_resets
                0x10001db4       0x2c CMakeFiles/bitdoglab_project.dir/C_/Users/ismae/.pico-sdk/sdk/2.1.1/src/rp2_common/pico_runtime_init/runtime_init.c.obj
                0x10001db4                runtime_init_early_resets
 .text.runtime_init_usb_power_down
                0x10001de0       0x1c CMakeFiles/bitdoglab_project.dir/C_/Users/ismae/.pico-sdk/sdk/2.1.1/src/rp2_common/pico_runtime_init/runtime_init.c.obj
                0x10001de0                runtime_init_usb_power_down
 .text.runtime_init_post_clock_resets
                0x10001dfc       0x20 CMakeFiles/bitdoglab_project.dir/C_/Users/ismae/.pico-sdk/sdk/2.1.1/src/rp2_common/pico_runtime_init/runtime_init.c.obj
                0x10001dfc                runtime_init_post_clock_resets
 .text.runtime_init_rp2040_gpio_ie_disable
                0x10001e1c       0x14 CMakeFiles/bitdoglab_project.dir/C_/Users/ismae/.pico-sdk/sdk/2.1.1/src/rp2_common/pico_runtime_init/runtime_init.c.obj
                0x10001e1c                runtime_init_rp2040_gpio_ie_disable
 .text.runtime_init_spin_locks_reset
                0x10001e30        0x8 CMakeFiles/bitdoglab_project.dir/C_/Users/ismae/.pico-sdk/sdk/2.1.1/src/rp2_common/pico_runtime_init/runtime_init.c.obj
                0x10001e30                runtime_init_spin_locks_reset
 .text.runtime_init_install_ram_vector_table
                0x10001e38       0x1c CMakeFiles/bitdoglab_project.dir/C_/Users/ismae/.pico-sdk/sdk/2.1.1/src/rp2_common/pico_runtime_init/runtime_init.c.obj
                0x10001e38                runtime_init_install_ram_vector_table
 .text.runtime_init_clocks
                0x10001e54       0xd8 CMakeFiles/bitdoglab_project.dir/C_/Users/ismae/.pico-sdk/sdk/2.1.1/src/rp2_common/pico_runtime_init/runtime_init_clocks.c.obj
                0x10001e54                runtime_init_clocks
 .text          0x10001f2c       0x10 CMakeFiles/bitdoglab_project.dir/C_/Users/ismae/.pico-sdk/sdk/2.1.1/src/rp2_common/pico_bit_ops/bit_ops_aeabi.S.obj
 .text.__wrap___aeabi_idiv
                0x10001f3c       0x50 CMakeFiles/bitdoglab_project.dir/C_/Users/ismae/.pico-sdk/sdk/2.1.1/src/rp2_common/pico_divider/divider_hardware.S.obj
                0x10001f3c                __wrap___aeabi_idivmod
                0x10001f3c                divmod_s32s32
                0x10001f3c                div_s32s32
                0x10001f3c                __wrap___aeabi_idiv
                0x10001f44                divmod_s32s32_unsafe
                0x10001f70                divmod_s32s32_savestate
 .text.__wrap___aeabi_uidiv
                0x10001f8c       0x4c CMakeFiles/bitdoglab_project.dir/C_/Users/ismae/.pico-sdk/sdk/2.1.1/src/rp2_common/pico_divider/divider_hardware.S.obj
                0x10001f8c                __wrap___aeabi_uidiv
                0x10001f8c                __wrap___aeabi_uidivmod
                0x10001f8c                div_u32u32
                0x10001f8c                divmod_u32u32
                0x10001f94                divmod_u32u32_unsafe
                0x10001fbc                divmod_u32u32_savestate
 .text.missing_double_func_shim
                0x10001fd8        0xc CMakeFiles/bitdoglab_project.dir/C_/Users/ismae/.pico-sdk/sdk/2.1.1/src/rp2_common/pico_double/double_init_rom_rp2040.c.obj
 .text.__aeabi_double_init
                0x10001fe4       0xa0 CMakeFiles/bitdoglab_project.dir/C_/Users/ismae/.pico-sdk/sdk/2.1.1/src/rp2_common/pico_double/double_init_rom_rp2040.c.obj
                0x10001fe4                __aeabi_double_init
 .text.double_table_shim_on_use_helper
                0x10002084       0x2c CMakeFiles/bitdoglab_project.dir/C_/Users/ismae/.pico-sdk/sdk/2.1.1/src/rp2_common/pico_double/double_v1_rom_shim_rp2040.S.obj
                0x10002084                double_table_shim_on_use_helper
 .text.__aeabi_lmul
                0x100020b0       0x32 CMakeFiles/bitdoglab_project.dir/C_/Users/ismae/.pico-sdk/sdk/2.1.1/src/rp2_common/pico_int64_ops/pico_int64_ops_aeabi.S.obj
                0x100020b0                __wrap___aeabi_lmul
 *fill*         0x100020e2        0x2 
 .text.__wrap___aeabi_farithmetic
                0x100020e4       0x48 CMakeFiles/bitdoglab_project.dir/C_/Users/ismae/.pico-sdk/sdk/2.1.1/src/rp2_common/pico_float/float_aeabi_rp2040.S.obj
                0x100020e4                __wrap___aeabi_frsub
                0x100020ea                __wrap___aeabi_fsub
                0x100020f0                __wrap___aeabi_fadd
                0x100020f6                __wrap___aeabi_fdiv
                0x1000211e                __wrap___aeabi_fmul
 .text.__wrap___aeabi_cfcmple
                0x1000212c       0x50 CMakeFiles/bitdoglab_project.dir/C_/Users/ismae/.pico-sdk/sdk/2.1.1/src/rp2_common/pico_float/float_aeabi_rp2040.S.obj
                0x1000212c                __wrap___aeabi_cfrcmple
                0x10002138                __wrap___aeabi_cfcmple
                0x10002138                __wrap___aeabi_cfcmpeq
 .text.__wrap___aeabi_fcmple
                0x1000217c       0x10 CMakeFiles/bitdoglab_project.dir/C_/Users/ismae/.pico-sdk/sdk/2.1.1/src/rp2_common/pico_float/float_aeabi_rp2040.S.obj
                0x1000217c                __wrap___aeabi_fcmple
 .text.__wrap___aeabi_ui2f
                0x1000218c        0xa CMakeFiles/bitdoglab_project.dir/C_/Users/ismae/.pico-sdk/sdk/2.1.1/src/rp2_common/pico_float/float_aeabi_rp2040.S.obj
                0x1000218c                __wrap___aeabi_ui2f
                0x1000218c                uint2float
 *fill*         0x10002196        0x2 
 .text.__wrap___aeabi_i2f
                0x10002198       0x44 CMakeFiles/bitdoglab_project.dir/C_/Users/ismae/.pico-sdk/sdk/2.1.1/src/rp2_common/pico_float/float_aeabi_rp2040.S.obj
                0x10002198                __wrap___aeabi_i2f
                0x10002198                int2float
 .text.__wrap___aeabi_f2uiz
                0x100021dc        0xc CMakeFiles/bitdoglab_project.dir/C_/Users/ismae/.pico-sdk/sdk/2.1.1/src/rp2_common/pico_float/float_aeabi_rp2040.S.obj
                0x100021dc                float2uint_z
                0x100021dc                __wrap___aeabi_f2uiz
                0x100021dc                float2uint
 .text.missing_float_func_shim
                0x100021e8        0xc CMakeFiles/bitdoglab_project.dir/C_/Users/ismae/.pico-sdk/sdk/2.1.1/src/rp2_common/pico_float/float_init_rom_rp2040.c.obj
 .text.__aeabi_float_init
                0x100021f4       0x5c CMakeFiles/bitdoglab_project.dir/C_/Users/ismae/.pico-sdk/sdk/2.1.1/src/rp2_common/pico_float/float_init_rom_rp2040.c.obj
                0x100021f4                __aeabi_float_init
 .text.__wrap_malloc
                0x10002250       0x24 CMakeFiles/bitdoglab_project.dir/C_/Users/ismae/.pico-sdk/sdk/2.1.1/src/rp2_common/pico_malloc/malloc.c.obj
                0x10002250                __wrap_malloc
 .text.__wrap_free
                0x10002274        0x8 CMakeFiles/bitdoglab_project.dir/C_/Users/ismae/.pico-sdk/sdk/2.1.1/src/rp2_common/pico_malloc/malloc.c.obj
                0x10002274                __wrap_free
 .text          0x1000227c       0x10 CMakeFiles/bitdoglab_project.dir/C_/Users/ismae/.pico-sdk/sdk/2.1.1/src/rp2_common/pico_mem_ops/mem_ops_aeabi.S.obj
                0x1000227c                __aeabi_mem_init
 .text.memset   0x1000228c        0xc CMakeFiles/bitdoglab_project.dir/C_/Users/ismae/.pico-sdk/sdk/2.1.1/src/rp2_common/pico_mem_ops/mem_ops_aeabi.S.obj
                0x1000228c                __wrap_memset
 .text.memcpy   0x10002298        0xc CMakeFiles/bitdoglab_project.dir/C_/Users/ismae/.pico-sdk/sdk/2.1.1/src/rp2_common/pico_mem_ops/mem_ops_aeabi.S.obj
                0x10002298                __wrap_memcpy
                0x10002298                __wrap___aeabi_memcpy
 .text._out_char
                0x100022a4       0x10 CMakeFiles/bitdoglab_project.dir/C_/Users/ismae/.pico-sdk/sdk/2.1.1/src/rp2_common/pico_printf/printf.c.obj
 .text.weak_raw_vprintf
                0x100022b4       0x30 CMakeFiles/bitdoglab_project.dir/C_/Users/ismae/.pico-sdk/sdk/2.1.1/src/rp2_common/pico_printf/printf.c.obj
                0x100022b4                weak_raw_vprintf
 .text._exit    0x100022e4        0x4 CMakeFiles/bitdoglab_project.dir/C_/Users/ismae/.pico-sdk/sdk/2.1.1/src/rp2_common/pico_clib_interface/newlib_interface.c.obj
                0x100022e4                _exit
 .text._sbrk    0x100022e8       0x34 CMakeFiles/bitdoglab_project.dir/C_/Users/ismae/.pico-sdk/sdk/2.1.1/src/rp2_common/pico_clib_interface/newlib_interface.c.obj
                0x100022e8                _sbrk
 .text.exit     0x1000231c        0x8 CMakeFiles/bitdoglab_project.dir/C_/Users/ismae/.pico-sdk/sdk/2.1.1/src/rp2_common/pico_clib_interface/newlib_interface.c.obj
                0x1000231c                exit
 .text.runtime_init
                0x10002324       0x2c CMakeFiles/bitdoglab_project.dir/C_/Users/ismae/.pico-sdk/sdk/2.1.1/src/rp2_common/pico_clib_interface/newlib_interface.c.obj
                0x10002324                runtime_init
 .text.stdio_out_chars_no_crlf
                0x10002350       0x10 CMakeFiles/bitdoglab_project.dir/C_/Users/ismae/.pico-sdk/sdk/2.1.1/src/rp2_common/pico_stdio/stdio.c.obj
 .text.stdio_out_chars_crlf
                0x10002360       0xb0 CMakeFiles/bitdoglab_project.dir/C_/Users/ismae/.pico-sdk/sdk/2.1.1/src/rp2_common/pico_stdio/stdio.c.obj
 .text.stdio_put_string
                0x10002410       0xfc CMakeFiles/bitdoglab_project.dir/C_/Users/ismae/.pico-sdk/sdk/2.1.1/src/rp2_common/pico_stdio/stdio.c.obj
                0x10002410                stdio_put_string
 .text.stdio_set_driver_enabled
                0x1000250c       0x30 CMakeFiles/bitdoglab_project.dir/C_/Users/ismae/.pico-sdk/sdk/2.1.1/src/rp2_common/pico_stdio/stdio.c.obj
                0x1000250c                stdio_set_driver_enabled
 .text.stdio_init_all
                0x1000253c       0x10 CMakeFiles/bitdoglab_project.dir/C_/Users/ismae/.pico-sdk/sdk/2.1.1/src/rp2_common/pico_stdio/stdio.c.obj
                0x1000253c                stdio_init_all
 .text.__wrap_putchar
                0x1000254c       0x94 CMakeFiles/bitdoglab_project.dir/C_/Users/ismae/.pico-sdk/sdk/2.1.1/src/rp2_common/pico_stdio/stdio.c.obj
                0x1000254c                __wrap_putchar
                0x1000254c                stdio_putchar
 .text.__wrap_puts
                0x100025e0       0x3c CMakeFiles/bitdoglab_project.dir/C_/Users/ismae/.pico-sdk/sdk/2.1.1/src/rp2_common/pico_stdio/stdio.c.obj
                0x100025e0                stdio_puts
                0x100025e0                __wrap_puts
 .text.stdio_uart_out_chars
                0x1000261c       0x4c CMakeFiles/bitdoglab_project.dir/C_/Users/ismae/.pico-sdk/sdk/2.1.1/src/rp2_common/pico_stdio_uart/stdio_uart.c.obj
 .text.stdio_uart_in_chars
                0x10002668       0x90 CMakeFiles/bitdoglab_project.dir/C_/Users/ismae/.pico-sdk/sdk/2.1.1/src/rp2_common/pico_stdio_uart/stdio_uart.c.obj
                0x10002668                stdio_uart_in_chars
 .text.on_uart_rx
                0x100026f8       0x28 CMakeFiles/bitdoglab_project.dir/C_/Users/ismae/.pico-sdk/sdk/2.1.1/src/rp2_common/pico_stdio_uart/stdio_uart.c.obj
 .text.stdio_uart_out_flush
                0x10002720       0x14 CMakeFiles/bitdoglab_project.dir/C_/Users/ismae/.pico-sdk/sdk/2.1.1/src/rp2_common/pico_stdio_uart/stdio_uart.c.obj
 .text.stdio_uart_set_chars_available_callback
                0x10002734       0x84 CMakeFiles/bitdoglab_project.dir/C_/Users/ismae/.pico-sdk/sdk/2.1.1/src/rp2_common/pico_stdio_uart/stdio_uart.c.obj
 .text.stdio_uart_init
                0x100027b8       0x50 CMakeFiles/bitdoglab_project.dir/C_/Users/ismae/.pico-sdk/sdk/2.1.1/src/rp2_common/pico_stdio_uart/stdio_uart.c.obj
                0x100027b8                stdio_uart_init
 .text.resetd_init
                0x10002808        0x4 CMakeFiles/bitdoglab_project.dir/C_/Users/ismae/.pico-sdk/sdk/2.1.1/src/rp2_common/pico_stdio_usb/reset_interface.c.obj
 .text.resetd_reset
                0x1000280c        0xc CMakeFiles/bitdoglab_project.dir/C_/Users/ismae/.pico-sdk/sdk/2.1.1/src/rp2_common/pico_stdio_usb/reset_interface.c.obj
 .text.resetd_open
                0x10002818       0x28 CMakeFiles/bitdoglab_project.dir/C_/Users/ismae/.pico-sdk/sdk/2.1.1/src/rp2_common/pico_stdio_usb/reset_interface.c.obj
 .text.resetd_xfer_cb
                0x10002840        0x4 CMakeFiles/bitdoglab_project.dir/C_/Users/ismae/.pico-sdk/sdk/2.1.1/src/rp2_common/pico_stdio_usb/reset_interface.c.obj
 .text.resetd_control_xfer_cb
                0x10002844       0x54 CMakeFiles/bitdoglab_project.dir/C_/Users/ismae/.pico-sdk/sdk/2.1.1/src/rp2_common/pico_stdio_usb/reset_interface.c.obj
 .text.tud_descriptor_bos_cb
                0x10002898        0x8 CMakeFiles/bitdoglab_project.dir/C_/Users/ismae/.pico-sdk/sdk/2.1.1/src/rp2_common/pico_stdio_usb/reset_interface.c.obj
                0x10002898                tud_descriptor_bos_cb
 .text.tud_vendor_control_xfer_cb
                0x100028a0       0x34 CMakeFiles/bitdoglab_project.dir/C_/Users/ismae/.pico-sdk/sdk/2.1.1/src/rp2_common/pico_stdio_usb/reset_interface.c.obj
                0x100028a0                tud_vendor_control_xfer_cb
 .text.usbd_app_driver_get_cb
                0x100028d4        0xc CMakeFiles/bitdoglab_project.dir/C_/Users/ismae/.pico-sdk/sdk/2.1.1/src/rp2_common/pico_stdio_usb/reset_interface.c.obj
                0x100028d4                usbd_app_driver_get_cb
 .text.tud_cdc_line_coding_cb
                0x100028e0       0x2c CMakeFiles/bitdoglab_project.dir/C_/Users/ismae/.pico-sdk/sdk/2.1.1/src/rp2_common/pico_stdio_usb/reset_interface.c.obj
                0x100028e0                tud_cdc_line_coding_cb
 .text.stdio_usb_set_chars_available_callback
                0x1000290c       0x14 CMakeFiles/bitdoglab_project.dir/C_/Users/ismae/.pico-sdk/sdk/2.1.1/src/rp2_common/pico_stdio_usb/stdio_usb.c.obj
                0x1000290c                stdio_usb_set_chars_available_callback
 .text.usb_irq  0x10002920       0x10 CMakeFiles/bitdoglab_project.dir/C_/Users/ismae/.pico-sdk/sdk/2.1.1/src/rp2_common/pico_stdio_usb/stdio_usb.c.obj
 .text.timer_task
                0x10002930       0x64 CMakeFiles/bitdoglab_project.dir/C_/Users/ismae/.pico-sdk/sdk/2.1.1/src/rp2_common/pico_stdio_usb/stdio_usb.c.obj
 .text.stdio_usb_in_chars
                0x10002994       0x8c CMakeFiles/bitdoglab_project.dir/C_/Users/ismae/.pico-sdk/sdk/2.1.1/src/rp2_common/pico_stdio_usb/stdio_usb.c.obj
                0x10002994                stdio_usb_in_chars
 .text.stdio_usb_out_flush
                0x10002a20       0x4c CMakeFiles/bitdoglab_project.dir/C_/Users/ismae/.pico-sdk/sdk/2.1.1/src/rp2_common/pico_stdio_usb/stdio_usb.c.obj
 .text.stdio_usb_out_chars
                0x10002a6c      0x100 CMakeFiles/bitdoglab_project.dir/C_/Users/ismae/.pico-sdk/sdk/2.1.1/src/rp2_common/pico_stdio_usb/stdio_usb.c.obj
 .text.low_priority_worker_irq
                0x10002b6c       0xc8 CMakeFiles/bitdoglab_project.dir/C_/Users/ismae/.pico-sdk/sdk/2.1.1/src/rp2_common/pico_stdio_usb/stdio_usb.c.obj
 .text.stdio_usb_init
                0x10002c34       0xe8 CMakeFiles/bitdoglab_project.dir/C_/Users/ismae/.pico-sdk/sdk/2.1.1/src/rp2_common/pico_stdio_usb/stdio_usb.c.obj
                0x10002c34                stdio_usb_init
 .text.tud_descriptor_device_cb
                0x10002d1c        0x8 CMakeFiles/bitdoglab_project.dir/C_/Users/ismae/.pico-sdk/sdk/2.1.1/src/rp2_common/pico_stdio_usb/stdio_usb_descriptors.c.obj
                0x10002d1c                tud_descriptor_device_cb
 .text.tud_descriptor_configuration_cb
                0x10002d24        0x8 CMakeFiles/bitdoglab_project.dir/C_/Users/ismae/.pico-sdk/sdk/2.1.1/src/rp2_common/pico_stdio_usb/stdio_usb_descriptors.c.obj
                0x10002d24                tud_descriptor_configuration_cb
 .text.tud_descriptor_string_cb
                0x10002d2c       0x78 CMakeFiles/bitdoglab_project.dir/C_/Users/ismae/.pico-sdk/sdk/2.1.1/src/rp2_common/pico_stdio_usb/stdio_usb_descriptors.c.obj
                0x10002d2c                tud_descriptor_string_cb
 .text.startup._retrieve_unique_id_on_boot
                0x10002da4       0x10 CMakeFiles/bitdoglab_project.dir/C_/Users/ismae/.pico-sdk/sdk/2.1.1/src/rp2_common/pico_unique_id/unique_id.c.obj
 .text.pico_get_unique_board_id_string
                0x10002db4      0x1a8 CMakeFiles/bitdoglab_project.dir/C_/Users/ismae/.pico-sdk/sdk/2.1.1/src/rp2_common/pico_unique_id/unique_id.c.obj
                0x10002db4                pico_get_unique_board_id_string
 .text.flash_get_unique_id
                0x10002f5c       0x3c CMakeFiles/bitdoglab_project.dir/C_/Users/ismae/.pico-sdk/sdk/2.1.1/src/rp2_common/hardware_flash/flash.c.obj
                0x10002f5c                flash_get_unique_id
 .text.dcd_init
                0x10002f98       0x90 CMakeFiles/bitdoglab_project.dir/C_/Users/ismae/.pico-sdk/sdk/2.1.1/lib/tinyusb/src/portable/raspberrypi/rp2040/dcd_rp2040.c.obj
                0x10002f98                dcd_init
 .text.dcd_int_enable
                0x10003028        0xc CMakeFiles/bitdoglab_project.dir/C_/Users/ismae/.pico-sdk/sdk/2.1.1/lib/tinyusb/src/portable/raspberrypi/rp2040/dcd_rp2040.c.obj
                0x10003028                dcd_int_enable
 .text.dcd_set_address
                0x10003034       0x14 CMakeFiles/bitdoglab_project.dir/C_/Users/ismae/.pico-sdk/sdk/2.1.1/lib/tinyusb/src/portable/raspberrypi/rp2040/dcd_rp2040.c.obj
                0x10003034                dcd_set_address
 .text.dcd_sof_enable
                0x10003048       0x1c CMakeFiles/bitdoglab_project.dir/C_/Users/ismae/.pico-sdk/sdk/2.1.1/lib/tinyusb/src/portable/raspberrypi/rp2040/dcd_rp2040.c.obj
                0x10003048                dcd_sof_enable
 .text.dcd_edpt0_status_complete
                0x10003064       0x1c CMakeFiles/bitdoglab_project.dir/C_/Users/ismae/.pico-sdk/sdk/2.1.1/lib/tinyusb/src/portable/raspberrypi/rp2040/dcd_rp2040.c.obj
                0x10003064                dcd_edpt0_status_complete
 .text.dcd_edpt_open
                0x10003080      0x114 CMakeFiles/bitdoglab_project.dir/C_/Users/ismae/.pico-sdk/sdk/2.1.1/lib/tinyusb/src/portable/raspberrypi/rp2040/dcd_rp2040.c.obj
                0x10003080                dcd_edpt_open
 .text.dcd_edpt_close_all
                0x10003194        0x8 CMakeFiles/bitdoglab_project.dir/C_/Users/ismae/.pico-sdk/sdk/2.1.1/lib/tinyusb/src/portable/raspberrypi/rp2040/dcd_rp2040.c.obj
                0x10003194                dcd_edpt_close_all
 .text.dcd_edpt_xfer
                0x1000319c       0x24 CMakeFiles/bitdoglab_project.dir/C_/Users/ismae/.pico-sdk/sdk/2.1.1/lib/tinyusb/src/portable/raspberrypi/rp2040/dcd_rp2040.c.obj
                0x1000319c                dcd_edpt_xfer
 .text.dcd_edpt_stall
                0x100031c0       0x3c CMakeFiles/bitdoglab_project.dir/C_/Users/ismae/.pico-sdk/sdk/2.1.1/lib/tinyusb/src/portable/raspberrypi/rp2040/dcd_rp2040.c.obj
                0x100031c0                dcd_edpt_stall
 .text.dcd_edpt_clear_stall
                0x100031fc       0x30 CMakeFiles/bitdoglab_project.dir/C_/Users/ismae/.pico-sdk/sdk/2.1.1/lib/tinyusb/src/portable/raspberrypi/rp2040/dcd_rp2040.c.obj
                0x100031fc                dcd_edpt_clear_stall
 .text.rp2040_usb_init
                0x1000322c       0x40 CMakeFiles/bitdoglab_project.dir/C_/Users/ismae/.pico-sdk/sdk/2.1.1/lib/tinyusb/src/portable/raspberrypi/rp2040/rp2040_usb.c.obj
                0x1000322c                rp2040_usb_init
 .text.hw_endpoint_xfer_start
                0x1000326c       0x40 CMakeFiles/bitdoglab_project.dir/C_/Users/ismae/.pico-sdk/sdk/2.1.1/lib/tinyusb/src/portable/raspberrypi/rp2040/rp2040_usb.c.obj
                0x1000326c                hw_endpoint_xfer_start
 .text.tud_event_hook_cb
                0x100032ac        0x4 CMakeFiles/bitdoglab_project.dir/C_/Users/ismae/.pico-sdk/sdk/2.1.1/lib/tinyusb/src/device/usbd.c.obj
                0x100032ac                tud_event_hook_cb
 .text.tud_sof_cb
                0x100032b0        0x4 CMakeFiles/bitdoglab_project.dir/C_/Users/ismae/.pico-sdk/sdk/2.1.1/lib/tinyusb/src/device/usbd.c.obj
                0x100032b0                tud_sof_cb
 .text.tud_descriptor_device_qualifier_cb
                0x100032b4        0x4 CMakeFiles/bitdoglab_project.dir/C_/Users/ismae/.pico-sdk/sdk/2.1.1/lib/tinyusb/src/device/usbd.c.obj
                0x100032b4                tud_descriptor_device_qualifier_cb
 .text.tud_descriptor_other_speed_configuration_cb
                0x100032b8        0x4 CMakeFiles/bitdoglab_project.dir/C_/Users/ismae/.pico-sdk/sdk/2.1.1/lib/tinyusb/src/device/usbd.c.obj
                0x100032b8                tud_descriptor_other_speed_configuration_cb
 .text.tud_mount_cb
                0x100032bc        0x4 CMakeFiles/bitdoglab_project.dir/C_/Users/ismae/.pico-sdk/sdk/2.1.1/lib/tinyusb/src/device/usbd.c.obj
                0x100032bc                tud_mount_cb
 .text.tud_umount_cb
                0x100032c0        0x4 CMakeFiles/bitdoglab_project.dir/C_/Users/ismae/.pico-sdk/sdk/2.1.1/lib/tinyusb/src/device/usbd.c.obj
                0x100032c0                tud_umount_cb
 .text.tud_suspend_cb
                0x100032c4        0x4 CMakeFiles/bitdoglab_project.dir/C_/Users/ismae/.pico-sdk/sdk/2.1.1/lib/tinyusb/src/device/usbd.c.obj
                0x100032c4                tud_suspend_cb
 .text.tud_resume_cb
                0x100032c8        0x4 CMakeFiles/bitdoglab_project.dir/C_/Users/ismae/.pico-sdk/sdk/2.1.1/lib/tinyusb/src/device/usbd.c.obj
                0x100032c8                tud_resume_cb
 .text.tud_mounted
                0x100032cc       0x10 CMakeFiles/bitdoglab_project.dir/C_/Users/ismae/.pico-sdk/sdk/2.1.1/lib/tinyusb/src/device/usbd.c.obj
                0x100032cc                tud_mounted
 .text.tud_suspended
                0x100032dc       0x10 CMakeFiles/bitdoglab_project.dir/C_/Users/ismae/.pico-sdk/sdk/2.1.1/lib/tinyusb/src/device/usbd.c.obj
                0x100032dc                tud_suspended
 .text.tud_rhport_init
                0x100032ec       0xf4 CMakeFiles/bitdoglab_project.dir/C_/Users/ismae/.pico-sdk/sdk/2.1.1/lib/tinyusb/src/device/usbd.c.obj
                0x100032ec                tud_rhport_init
 .text.tud_task_ext
                0x100033e0      0x800 CMakeFiles/bitdoglab_project.dir/C_/Users/ismae/.pico-sdk/sdk/2.1.1/lib/tinyusb/src/device/usbd.c.obj
                0x100033e0                tud_task_ext
 .text.usbd_open_edpt_pair
                0x10003be0       0x9c CMakeFiles/bitdoglab_project.dir/C_/Users/ismae/.pico-sdk/sdk/2.1.1/lib/tinyusb/src/device/usbd.c.obj
                0x10003be0                usbd_open_edpt_pair
 .text.usbd_edpt_open
                0x10003c7c       0x34 CMakeFiles/bitdoglab_project.dir/C_/Users/ismae/.pico-sdk/sdk/2.1.1/lib/tinyusb/src/device/usbd.c.obj
                0x10003c7c                usbd_edpt_open
 .text.usbd_edpt_claim
                0x10003cb0       0x28 CMakeFiles/bitdoglab_project.dir/C_/Users/ismae/.pico-sdk/sdk/2.1.1/lib/tinyusb/src/device/usbd.c.obj
                0x10003cb0                usbd_edpt_claim
 .text.usbd_edpt_release
                0x10003cd8       0x28 CMakeFiles/bitdoglab_project.dir/C_/Users/ismae/.pico-sdk/sdk/2.1.1/lib/tinyusb/src/device/usbd.c.obj
                0x10003cd8                usbd_edpt_release
 .text.usbd_edpt_xfer
                0x10003d00       0x4c CMakeFiles/bitdoglab_project.dir/C_/Users/ismae/.pico-sdk/sdk/2.1.1/lib/tinyusb/src/device/usbd.c.obj
                0x10003d00                usbd_edpt_xfer
 .text.tud_control_status
                0x10003d4c       0x2c CMakeFiles/bitdoglab_project.dir/C_/Users/ismae/.pico-sdk/sdk/2.1.1/lib/tinyusb/src/device/usbd_control.c.obj
                0x10003d4c                tud_control_status
 .text.tud_control_xfer
                0x10003d78       0xa8 CMakeFiles/bitdoglab_project.dir/C_/Users/ismae/.pico-sdk/sdk/2.1.1/lib/tinyusb/src/device/usbd_control.c.obj
                0x10003d78                tud_control_xfer
 .text.usbd_control_reset
                0x10003e20       0x14 CMakeFiles/bitdoglab_project.dir/C_/Users/ismae/.pico-sdk/sdk/2.1.1/lib/tinyusb/src/device/usbd_control.c.obj
                0x10003e20                usbd_control_reset
 .text.usbd_control_set_complete_callback
                0x10003e34        0xc CMakeFiles/bitdoglab_project.dir/C_/Users/ismae/.pico-sdk/sdk/2.1.1/lib/tinyusb/src/device/usbd_control.c.obj
                0x10003e34                usbd_control_set_complete_callback
 .text.usbd_control_set_request
                0x10003e40       0x1c CMakeFiles/bitdoglab_project.dir/C_/Users/ismae/.pico-sdk/sdk/2.1.1/lib/tinyusb/src/device/usbd_control.c.obj
                0x10003e40                usbd_control_set_request
 .text.usbd_control_xfer_cb
                0x10003e5c       0xec CMakeFiles/bitdoglab_project.dir/C_/Users/ismae/.pico-sdk/sdk/2.1.1/lib/tinyusb/src/device/usbd_control.c.obj
                0x10003e5c                usbd_control_xfer_cb
 .text._prep_out_transaction.isra.0
                0x10003f48       0x6c CMakeFiles/bitdoglab_project.dir/C_/Users/ismae/.pico-sdk/sdk/2.1.1/lib/tinyusb/src/class/cdc/cdc_device.c.obj
 .text.tud_cdc_n_connected
                0x10003fb4       0x2c CMakeFiles/bitdoglab_project.dir/C_/Users/ismae/.pico-sdk/sdk/2.1.1/lib/tinyusb/src/class/cdc/cdc_device.c.obj
                0x10003fb4                tud_cdc_n_connected
 .text.tud_cdc_n_available
                0x10003fe0       0x14 CMakeFiles/bitdoglab_project.dir/C_/Users/ismae/.pico-sdk/sdk/2.1.1/lib/tinyusb/src/class/cdc/cdc_device.c.obj
                0x10003fe0                tud_cdc_n_available
 .text.tud_cdc_n_read
                0x10003ff4       0x88 CMakeFiles/bitdoglab_project.dir/C_/Users/ismae/.pico-sdk/sdk/2.1.1/lib/tinyusb/src/class/cdc/cdc_device.c.obj
                0x10003ff4                tud_cdc_n_read
 .text.tud_cdc_n_write_flush
                0x1000407c       0x74 CMakeFiles/bitdoglab_project.dir/C_/Users/ismae/.pico-sdk/sdk/2.1.1/lib/tinyusb/src/class/cdc/cdc_device.c.obj
                0x1000407c                tud_cdc_n_write_flush
 .text.tud_cdc_n_write
                0x100040f0       0x40 CMakeFiles/bitdoglab_project.dir/C_/Users/ismae/.pico-sdk/sdk/2.1.1/lib/tinyusb/src/class/cdc/cdc_device.c.obj
                0x100040f0                tud_cdc_n_write
 .text.tud_cdc_n_write_available
                0x10004130       0x14 CMakeFiles/bitdoglab_project.dir/C_/Users/ismae/.pico-sdk/sdk/2.1.1/lib/tinyusb/src/class/cdc/cdc_device.c.obj
                0x10004130                tud_cdc_n_write_available
 .text.cdcd_init
                0x10004144       0x70 CMakeFiles/bitdoglab_project.dir/C_/Users/ismae/.pico-sdk/sdk/2.1.1/lib/tinyusb/src/class/cdc/cdc_device.c.obj
                0x10004144                cdcd_init
 .text.cdcd_deinit
                0x100041b4       0x30 CMakeFiles/bitdoglab_project.dir/C_/Users/ismae/.pico-sdk/sdk/2.1.1/lib/tinyusb/src/class/cdc/cdc_device.c.obj
                0x100041b4                cdcd_deinit
 .text.cdcd_reset
                0x100041e4       0x4c CMakeFiles/bitdoglab_project.dir/C_/Users/ismae/.pico-sdk/sdk/2.1.1/lib/tinyusb/src/class/cdc/cdc_device.c.obj
                0x100041e4                cdcd_reset
 .text.cdcd_open
                0x10004230       0xa4 CMakeFiles/bitdoglab_project.dir/C_/Users/ismae/.pico-sdk/sdk/2.1.1/lib/tinyusb/src/class/cdc/cdc_device.c.obj
                0x10004230                cdcd_open
 .text.cdcd_control_xfer_cb
                0x100042d4       0xe8 CMakeFiles/bitdoglab_project.dir/C_/Users/ismae/.pico-sdk/sdk/2.1.1/lib/tinyusb/src/class/cdc/cdc_device.c.obj
                0x100042d4                cdcd_control_xfer_cb
 .text.cdcd_xfer_cb
                0x100043bc      0x100 CMakeFiles/bitdoglab_project.dir/C_/Users/ismae/.pico-sdk/sdk/2.1.1/lib/tinyusb/src/class/cdc/cdc_device.c.obj
                0x100043bc                cdcd_xfer_cb
 .text.vendord_init
                0x100044bc       0x5c CMakeFiles/bitdoglab_project.dir/C_/Users/ismae/.pico-sdk/sdk/2.1.1/lib/tinyusb/src/class/vendor/vendor_device.c.obj
                0x100044bc                vendord_init
 .text.vendord_deinit
                0x10004518       0x1c CMakeFiles/bitdoglab_project.dir/C_/Users/ismae/.pico-sdk/sdk/2.1.1/lib/tinyusb/src/class/vendor/vendor_device.c.obj
                0x10004518                vendord_deinit
 .text.vendord_reset
                0x10004534       0x28 CMakeFiles/bitdoglab_project.dir/C_/Users/ismae/.pico-sdk/sdk/2.1.1/lib/tinyusb/src/class/vendor/vendor_device.c.obj
                0x10004534                vendord_reset
 .text.vendord_open
                0x1000455c      0x120 CMakeFiles/bitdoglab_project.dir/C_/Users/ismae/.pico-sdk/sdk/2.1.1/lib/tinyusb/src/class/vendor/vendor_device.c.obj
                0x1000455c                vendord_open
 .text.vendord_xfer_cb
                0x1000467c       0x9c CMakeFiles/bitdoglab_project.dir/C_/Users/ismae/.pico-sdk/sdk/2.1.1/lib/tinyusb/src/class/vendor/vendor_device.c.obj
                0x1000467c                vendord_xfer_cb
 .text.tusb_rhport_init
                0x10004718       0x4c CMakeFiles/bitdoglab_project.dir/C_/Users/ismae/.pico-sdk/sdk/2.1.1/lib/tinyusb/src/tusb.c.obj
                0x10004718                tusb_rhport_init
 .text.tu_edpt_claim
                0x10004764       0x50 CMakeFiles/bitdoglab_project.dir/C_/Users/ismae/.pico-sdk/sdk/2.1.1/lib/tinyusb/src/tusb.c.obj
                0x10004764                tu_edpt_claim
 .text.tu_edpt_release
                0x100047b4       0x38 CMakeFiles/bitdoglab_project.dir/C_/Users/ismae/.pico-sdk/sdk/2.1.1/lib/tinyusb/src/tusb.c.obj
                0x100047b4                tu_edpt_release
 .text.tu_edpt_validate
                0x100047ec       0x7c CMakeFiles/bitdoglab_project.dir/C_/Users/ismae/.pico-sdk/sdk/2.1.1/lib/tinyusb/src/tusb.c.obj
                0x100047ec                tu_edpt_validate
 .text.tu_edpt_bind_driver
                0x10004868       0x34 CMakeFiles/bitdoglab_project.dir/C_/Users/ismae/.pico-sdk/sdk/2.1.1/lib/tinyusb/src/tusb.c.obj
                0x10004868                tu_edpt_bind_driver
 .text.tu_edpt_stream_init
                0x1000489c       0x6c CMakeFiles/bitdoglab_project.dir/C_/Users/ismae/.pico-sdk/sdk/2.1.1/lib/tinyusb/src/tusb.c.obj
                0x1000489c                tu_edpt_stream_init
 .text.tu_edpt_stream_deinit
                0x10004908        0x4 CMakeFiles/bitdoglab_project.dir/C_/Users/ismae/.pico-sdk/sdk/2.1.1/lib/tinyusb/src/tusb.c.obj
                0x10004908                tu_edpt_stream_deinit
 .text.tu_edpt_stream_write_zlp_if_needed
                0x1000490c       0x68 CMakeFiles/bitdoglab_project.dir/C_/Users/ismae/.pico-sdk/sdk/2.1.1/lib/tinyusb/src/tusb.c.obj
                0x1000490c                tu_edpt_stream_write_zlp_if_needed
 .text.tu_edpt_stream_write_xfer
                0x10004974       0x68 CMakeFiles/bitdoglab_project.dir/C_/Users/ismae/.pico-sdk/sdk/2.1.1/lib/tinyusb/src/tusb.c.obj
                0x10004974                tu_edpt_stream_write_xfer
 .text.tu_edpt_stream_read_xfer
                0x100049dc       0xd8 CMakeFiles/bitdoglab_project.dir/C_/Users/ismae/.pico-sdk/sdk/2.1.1/lib/tinyusb/src/tusb.c.obj
                0x100049dc                tu_edpt_stream_read_xfer
 .text.tu_fifo_config
                0x10004ab4       0x6c CMakeFiles/bitdoglab_project.dir/C_/Users/ismae/.pico-sdk/sdk/2.1.1/lib/tinyusb/src/common/tusb_fifo.c.obj
                0x10004ab4                tu_fifo_config
 .text.tu_fifo_count
                0x10004b20       0x2c CMakeFiles/bitdoglab_project.dir/C_/Users/ismae/.pico-sdk/sdk/2.1.1/lib/tinyusb/src/common/tusb_fifo.c.obj
                0x10004b20                tu_fifo_count
 .text.tu_fifo_empty
                0x10004b4c       0x10 CMakeFiles/bitdoglab_project.dir/C_/Users/ismae/.pico-sdk/sdk/2.1.1/lib/tinyusb/src/common/tusb_fifo.c.obj
                0x10004b4c                tu_fifo_empty
 .text.tu_fifo_remaining
                0x10004b5c       0x2c CMakeFiles/bitdoglab_project.dir/C_/Users/ismae/.pico-sdk/sdk/2.1.1/lib/tinyusb/src/common/tusb_fifo.c.obj
                0x10004b5c                tu_fifo_remaining
 .text.tu_fifo_read
                0x10004b88       0x9c CMakeFiles/bitdoglab_project.dir/C_/Users/ismae/.pico-sdk/sdk/2.1.1/lib/tinyusb/src/common/tusb_fifo.c.obj
                0x10004b88                tu_fifo_read
 .text.tu_fifo_read_n
                0x10004c24       0xe8 CMakeFiles/bitdoglab_project.dir/C_/Users/ismae/.pico-sdk/sdk/2.1.1/lib/tinyusb/src/common/tusb_fifo.c.obj
                0x10004c24                tu_fifo_read_n
 .text.tu_fifo_write
                0x10004d0c       0xa4 CMakeFiles/bitdoglab_project.dir/C_/Users/ismae/.pico-sdk/sdk/2.1.1/lib/tinyusb/src/common/tusb_fifo.c.obj
                0x10004d0c                tu_fifo_write
 .text.tu_fifo_write_n
                0x10004db0      0x178 CMakeFiles/bitdoglab_project.dir/C_/Users/ismae/.pico-sdk/sdk/2.1.1/lib/tinyusb/src/common/tusb_fifo.c.obj
                0x10004db0                tu_fifo_write_n
 .text.tu_fifo_clear
                0x10004f28       0x40 CMakeFiles/bitdoglab_project.dir/C_/Users/ismae/.pico-sdk/sdk/2.1.1/lib/tinyusb/src/common/tusb_fifo.c.obj
                0x10004f28                tu_fifo_clear
 .text.tu_fifo_set_overwritable
                0x10004f68       0x48 CMakeFiles/bitdoglab_project.dir/C_/Users/ismae/.pico-sdk/sdk/2.1.1/lib/tinyusb/src/common/tusb_fifo.c.obj
                0x10004f68                tu_fifo_set_overwritable
 .text.adc_init
                0x10004fb0       0x38 CMakeFiles/bitdoglab_project.dir/C_/Users/ismae/.pico-sdk/sdk/2.1.1/src/rp2_common/hardware_adc/adc.c.obj
                0x10004fb0                adc_init
 .text.pio_claim_unused_sm
                0x10004fe8       0x38 CMakeFiles/bitdoglab_project.dir/C_/Users/ismae/.pico-sdk/sdk/2.1.1/src/rp2_common/hardware_pio/pio.c.obj
                0x10004fe8                pio_claim_unused_sm
 .text.pio_add_program
                0x10005020       0xf8 CMakeFiles/bitdoglab_project.dir/C_/Users/ismae/.pico-sdk/sdk/2.1.1/src/rp2_common/hardware_pio/pio.c.obj
                0x10005020                pio_add_program
 .text.pio_sm_set_consecutive_pindirs
                0x10005118       0xb4 CMakeFiles/bitdoglab_project.dir/C_/Users/ismae/.pico-sdk/sdk/2.1.1/src/rp2_common/hardware_pio/pio.c.obj
                0x10005118                pio_sm_set_consecutive_pindirs
 .text.pio_sm_init
                0x100051cc       0x9c CMakeFiles/bitdoglab_project.dir/C_/Users/ismae/.pico-sdk/sdk/2.1.1/src/rp2_common/hardware_pio/pio.c.obj
                0x100051cc                pio_sm_init
 .text.joystick_init
                0x10005268       0x58 libs/joystick/libjoystick.a(joystick.c.obj)
                0x10005268                joystick_init
 .text.init_mic
                0x100052c0       0x2c libs/mic/libmic.a(mic.c.obj)
                0x100052c0                init_mic
 .text.read_mic
                0x100052ec       0x50 libs/mic/libmic.a(mic.c.obj)
                0x100052ec                read_mic
 .text.record_mic
                0x1000533c      0x104 libs/mic/libmic.a(mic.c.obj)
                0x1000533c                record_mic
 .text.get_samples_mic
                0x10005440        0xc libs/mic/libmic.a(mic.c.obj)
                0x10005440                get_samples_mic
 .text.ws2818b_program_init
                0x1000544c       0xdc libs/malha_led/libmalha_led.a(malha_led.c.obj)
                0x1000544c                ws2818b_program_init
 .text.npInit   0x10005528       0x80 libs/malha_led/libmalha_led.a(malha_led.c.obj)
                0x10005528                npInit
 .text.npSetLED
                0x100055a8       0x4c libs/malha_led/libmalha_led.a(malha_led.c.obj)
                0x100055a8                npSetLED
 .text.npClear  0x100055f4       0x38 libs/malha_led/libmalha_led.a(malha_led.c.obj)
                0x100055f4                npClear
 .text.npWrite  0x1000562c       0x58 libs/malha_led/libmalha_led.a(malha_led.c.obj)
                0x1000562c                npWrite
 .text.set_cor  0x10005684       0x10 libs/malha_led/libmalha_led.a(malha_led.c.obj)
                0x10005684                set_cor
 .text.malloc   0x10005694       0x14 C:/Users/ismae/.pico-sdk/toolchain/14_2_Rel1/bin/../lib/gcc/arm-none-eabi/14.2.1/thumb/v6-m/nofp\libg.a(libc_a-malloc.o)
                0x10005694                malloc
 .text.free     0x100056a8       0x14 C:/Users/ismae/.pico-sdk/toolchain/14_2_Rel1/bin/../lib/gcc/arm-none-eabi/14.2.1/thumb/v6-m/nofp\libg.a(libc_a-malloc.o)
                0x100056a8                free
 .text._malloc_r
                0x100056bc      0x5cc C:/Users/ismae/.pico-sdk/toolchain/14_2_Rel1/bin/../lib/gcc/arm-none-eabi/14.2.1/thumb/v6-m/nofp\libg.a(libc_a-mallocr.o)
                0x100056bc                _malloc_r
 .text.__malloc_lock
                0x10005c88       0x10 C:/Users/ismae/.pico-sdk/toolchain/14_2_Rel1/bin/../lib/gcc/arm-none-eabi/14.2.1/thumb/v6-m/nofp\libg.a(libc_a-mlock.o)
                0x10005c88                __malloc_lock
 .text.__malloc_unlock
                0x10005c98       0x10 C:/Users/ismae/.pico-sdk/toolchain/14_2_Rel1/bin/../lib/gcc/arm-none-eabi/14.2.1/thumb/v6-m/nofp\libg.a(libc_a-mlock.o)
                0x10005c98                __malloc_unlock
 .text._sbrk_r  0x10005ca8       0x24 C:/Users/ismae/.pico-sdk/toolchain/14_2_Rel1/bin/../lib/gcc/arm-none-eabi/14.2.1/thumb/v6-m/nofp\libg.a(libc_a-sbrkr.o)
                0x10005ca8                _sbrk_r
 .text.__errno  0x10005ccc        0xc C:/Users/ismae/.pico-sdk/toolchain/14_2_Rel1/bin/../lib/gcc/arm-none-eabi/14.2.1/thumb/v6-m/nofp\libg.a(libc_a-errno.o)
                0x10005ccc                __errno
 .text.__retarget_lock_acquire_recursive
                0x10005cd8        0x4 C:/Users/ismae/.pico-sdk/toolchain/14_2_Rel1/bin/../lib/gcc/arm-none-eabi/14.2.1/thumb/v6-m/nofp\libg.a(libc_a-lock.o)
                0x10005cd8                __retarget_lock_acquire_recursive
 .text.__retarget_lock_release_recursive
                0x10005cdc        0x4 C:/Users/ismae/.pico-sdk/toolchain/14_2_Rel1/bin/../lib/gcc/arm-none-eabi/14.2.1/thumb/v6-m/nofp\libg.a(libc_a-lock.o)
                0x10005cdc                __retarget_lock_release_recursive
 .text.sysconf  0x10005ce0       0x1c C:/Users/ismae/.pico-sdk/toolchain/14_2_Rel1/bin/../lib/gcc/arm-none-eabi/14.2.1/thumb/v6-m/nofp\libg.a(libc_a-sysconf.o)
                0x10005ce0                sysconf
 .text.strlen   0x10005cfc       0x5c C:/Users/ismae/.pico-sdk/toolchain/14_2_Rel1/bin/../lib/gcc/arm-none-eabi/14.2.1/thumb/v6-m/nofp\libg.a(libc_a-strlen-stub.o)
                0x10005cfc                strlen
 .text._malloc_trim_r
                0x10005d58       0xb4 C:/Users/ismae/.pico-sdk/toolchain/14_2_Rel1/bin/../lib/gcc/arm-none-eabi/14.2.1/thumb/v6-m/nofp\libg.a(libc_a-freer.o)
                0x10005d58                _malloc_trim_r
 .text._free_r  0x10005e0c      0x1f0 C:/Users/ismae/.pico-sdk/toolchain/14_2_Rel1/bin/../lib/gcc/arm-none-eabi/14.2.1/thumb/v6-m/nofp\libg.a(libc_a-freer.o)
                0x10005e0c                _free_r
 *(.fini)
 .fini          0x10005ffc        0x4 C:/Users/ismae/.pico-sdk/toolchain/14_2_Rel1/bin/../lib/gcc/arm-none-eabi/14.2.1/thumb/v6-m/nofp/crti.o
                0x10005ffc                _fini
 .fini.__stub   0x10006000       0xb0 linker stubs
 *crtbegin.o(.ctors)
 *crtbegin?.o(.ctors)
 *(EXCLUDE_FILE(*crtend.o *crtend?.o) .ctors)
 *(SORT_BY_NAME(.ctors.*))
 *(.ctors)
 *crtbegin.o(.dtors)
 *crtbegin?.o(.dtors)
 *(EXCLUDE_FILE(*crtend.o *crtend?.o) .dtors)
 *(SORT_BY_NAME(.dtors.*))
 *(.dtors)
                0x100060b0                        . = ALIGN (0x4)
                0x100060b0                        PROVIDE (__preinit_array_start = .)
 *(SORT_BY_NAME(.preinit_array.*))
 .preinit_array.00100
                0x100060b0        0x4 CMakeFiles/bitdoglab_project.dir/C_/Users/ismae/.pico-sdk/sdk/2.1.1/src/rp2_common/pico_runtime_init/runtime_init.c.obj
                0x100060b0                __pre_init_runtime_init_early_resets
 .preinit_array.00101
                0x100060b4        0x4 CMakeFiles/bitdoglab_project.dir/C_/Users/ismae/.pico-sdk/sdk/2.1.1/src/rp2_common/pico_runtime_init/runtime_init.c.obj
                0x100060b4                __pre_init_runtime_init_usb_power_down
 .preinit_array.00275
                0x100060b8        0x4 CMakeFiles/bitdoglab_project.dir/C_/Users/ismae/.pico-sdk/sdk/2.1.1/src/rp2_common/pico_bit_ops/bit_ops_aeabi.S.obj
 .preinit_array.00300
                0x100060bc        0x4 CMakeFiles/bitdoglab_project.dir/C_/Users/ismae/.pico-sdk/sdk/2.1.1/src/rp2_common/pico_mem_ops/mem_ops_aeabi.S.obj
 .preinit_array.00350
                0x100060c0        0x4 CMakeFiles/bitdoglab_project.dir/C_/Users/ismae/.pico-sdk/sdk/2.1.1/src/rp2_common/pico_double/double_aeabi_rp2040.S.obj
 .preinit_array.00350
                0x100060c4        0x4 CMakeFiles/bitdoglab_project.dir/C_/Users/ismae/.pico-sdk/sdk/2.1.1/src/rp2_common/pico_float/float_aeabi_rp2040.S.obj
 .preinit_array.00500
                0x100060c8        0x4 CMakeFiles/bitdoglab_project.dir/C_/Users/ismae/.pico-sdk/sdk/2.1.1/src/rp2_common/pico_runtime_init/runtime_init.c.obj
                0x100060c8                __pre_init_runtime_init_clocks
 .preinit_array.00600
                0x100060cc        0x4 CMakeFiles/bitdoglab_project.dir/C_/Users/ismae/.pico-sdk/sdk/2.1.1/src/rp2_common/pico_runtime_init/runtime_init.c.obj
                0x100060cc                __pre_init_runtime_init_post_clock_resets
 .preinit_array.00700
                0x100060d0        0x4 CMakeFiles/bitdoglab_project.dir/C_/Users/ismae/.pico-sdk/sdk/2.1.1/src/rp2_common/pico_runtime_init/runtime_init.c.obj
                0x100060d0                __pre_init_runtime_init_rp2040_gpio_ie_disable
 .preinit_array.01000
                0x100060d4        0x4 CMakeFiles/bitdoglab_project.dir/C_/Users/ismae/.pico-sdk/sdk/2.1.1/src/rp2_common/pico_runtime_init/runtime_init.c.obj
                0x100060d4                __pre_init_runtime_init_spin_locks_reset
 .preinit_array.01100
                0x100060d8        0x4 CMakeFiles/bitdoglab_project.dir/C_/Users/ismae/.pico-sdk/sdk/2.1.1/src/common/pico_sync/mutex.c.obj
                0x100060d8                __pre_init_runtime_init_mutex
 .preinit_array.10080
                0x100060dc        0x4 CMakeFiles/bitdoglab_project.dir/C_/Users/ismae/.pico-sdk/sdk/2.1.1/src/rp2_common/pico_runtime_init/runtime_init.c.obj
                0x100060dc                __pre_init_runtime_init_install_ram_vector_table
 .preinit_array.11000
                0x100060e0        0x4 CMakeFiles/bitdoglab_project.dir/C_/Users/ismae/.pico-sdk/sdk/2.1.1/src/common/pico_time/time.c.obj
                0x100060e0                __pre_init_runtime_init_default_alarm_pool
 .preinit_array.YYYYY
                0x100060e4        0x4 CMakeFiles/bitdoglab_project.dir/C_/Users/ismae/.pico-sdk/sdk/2.1.1/src/rp2_common/pico_runtime/runtime.c.obj
                0x100060e4                __pre_init_first_per_core_initializer
 .preinit_array.ZZZZZ.01200
                0x100060e8        0x4 CMakeFiles/bitdoglab_project.dir/C_/Users/ismae/.pico-sdk/sdk/2.1.1/src/rp2_common/hardware_irq/irq.c.obj
                0x100060e8                __pre_init_runtime_init_per_core_irq_priorities
 *(.preinit_array)
                0x100060ec                        PROVIDE (__preinit_array_end = .)
                0x100060ec                        . = ALIGN (0x4)
                0x100060ec                        PROVIDE (__init_array_start = .)
 *(SORT_BY_NAME(.init_array.*))
 *(.init_array)
 .init_array    0x100060ec        0x4 C:/Users/ismae/.pico-sdk/toolchain/14_2_Rel1/bin/../lib/gcc/arm-none-eabi/14.2.1/thumb/v6-m/nofp/crtbegin.o
 .init_array    0x100060f0        0x4 CMakeFiles/bitdoglab_project.dir/C_/Users/ismae/.pico-sdk/sdk/2.1.1/src/rp2_common/pico_unique_id/unique_id.c.obj
                0x100060f4                        PROVIDE (__init_array_end = .)
                0x100060f4                        . = ALIGN (0x4)
                [!provide]                        PROVIDE (__fini_array_start = .)
 *(SORT_BY_NAME(.fini_array.*))
 *(.fini_array)
                [!provide]                        PROVIDE (__fini_array_end = .)
 *(.eh_frame*)
 .eh_frame      0x100060f4        0x0 C:/Users/ismae/.pico-sdk/toolchain/14_2_Rel1/bin/../lib/gcc/arm-none-eabi/14.2.1/thumb/v6-m/nofp/crtbegin.o
                0x100060f4                        . = ALIGN (0x4)

.glue_7         0x100060f4        0x0
 .glue_7        0x100060f4        0x0 linker stubs

.glue_7t        0x100060f4        0x0
 .glue_7t       0x100060f4        0x0 linker stubs

.vfp11_veneer   0x100060f4        0x0
 .vfp11_veneer  0x100060f4        0x0 linker stubs

.v4_bx          0x100060f4        0x0
 .v4_bx         0x100060f4        0x0 linker stubs

.iplt           0x100060f4        0x0
 .iplt          0x100060f4        0x0 C:/Users/ismae/.pico-sdk/toolchain/14_2_Rel1/bin/../lib/gcc/arm-none-eabi/14.2.1/thumb/v6-m/nofp/crtbegin.o

.rodata         0x100060f4      0x4cc
 *(EXCLUDE_FILE(*libm.a: *libc.a:*lib_a-mem*.o *libgcc.a:) .rodata*)
 .rodata.panic.str1.4
                0x100060f4      0x1dc CMakeFiles/bitdoglab_project.dir/C_/Users/ismae/.pico-sdk/sdk/2.1.1/src/rp2_common/pico_platform_panic/panic.c.obj
                                 0x12 (size before relaxing)
 .rodata.spin_lock_claim_unused.str1.4
                0x100062d0       0x1b CMakeFiles/bitdoglab_project.dir/C_/Users/ismae/.pico-sdk/sdk/2.1.1/src/rp2_common/hardware_sync/sync.c.obj
 .rodata.user_irq_claim_unused.str1.4
                0x100062d0       0x1b CMakeFiles/bitdoglab_project.dir/C_/Users/ismae/.pico-sdk/sdk/2.1.1/src/rp2_common/hardware_irq/irq.c.obj
 .rodata.timer_hardware_alarm_claim.str1.4
                0x100062d0       0x22 CMakeFiles/bitdoglab_project.dir/C_/Users/ismae/.pico-sdk/sdk/2.1.1/src/rp2_common/hardware_timer/timer.c.obj
 .rodata.hard_assertion_failure.str1.4
                0x100062d0        0xc CMakeFiles/bitdoglab_project.dir/C_/Users/ismae/.pico-sdk/sdk/2.1.1/src/rp2_common/pico_runtime/runtime.c.obj
 .rodata.missing_double_func_shim.str1.4
                0x100062d0       0x18 CMakeFiles/bitdoglab_project.dir/C_/Users/ismae/.pico-sdk/sdk/2.1.1/src/rp2_common/pico_double/double_init_rom_rp2040.c.obj
 .rodata.missing_float_func_shim.str1.4
                0x100062d0        0x1 CMakeFiles/bitdoglab_project.dir/C_/Users/ismae/.pico-sdk/sdk/2.1.1/src/rp2_common/pico_float/float_init_rom_rp2040.c.obj
 .rodata.__wrap_malloc.str1.4
                0x100062d0        0xe CMakeFiles/bitdoglab_project.dir/C_/Users/ismae/.pico-sdk/sdk/2.1.1/src/rp2_common/pico_malloc/malloc.c.obj
 .rodata.str1.4
                0x100062d0       0x4c CMakeFiles/bitdoglab_project.dir/C_/Users/ismae/.pico-sdk/sdk/2.1.1/src/rp2_common/pico_standard_binary_info/standard_binary_info.c.obj
 .rodata.__bi_84
                0x100062d0        0xc CMakeFiles/bitdoglab_project.dir/C_/Users/ismae/.pico-sdk/sdk/2.1.1/src/rp2_common/pico_standard_binary_info/standard_binary_info.c.obj
 .rodata.__bi_78
                0x100062dc        0xc CMakeFiles/bitdoglab_project.dir/C_/Users/ismae/.pico-sdk/sdk/2.1.1/src/rp2_common/pico_standard_binary_info/standard_binary_info.c.obj
 .rodata.__bi_60
                0x100062e8        0xc CMakeFiles/bitdoglab_project.dir/C_/Users/ismae/.pico-sdk/sdk/2.1.1/src/rp2_common/pico_standard_binary_info/standard_binary_info.c.obj
 .rodata.__bi_54
                0x100062f4        0xc CMakeFiles/bitdoglab_project.dir/C_/Users/ismae/.pico-sdk/sdk/2.1.1/src/rp2_common/pico_standard_binary_info/standard_binary_info.c.obj
 .rodata.__bi_48
                0x10006300        0xc CMakeFiles/bitdoglab_project.dir/C_/Users/ismae/.pico-sdk/sdk/2.1.1/src/rp2_common/pico_standard_binary_info/standard_binary_info.c.obj
 .rodata.__bi_42
                0x1000630c        0xc CMakeFiles/bitdoglab_project.dir/C_/Users/ismae/.pico-sdk/sdk/2.1.1/src/rp2_common/pico_standard_binary_info/standard_binary_info.c.obj
 .rodata.__bi_34
                0x10006318        0xc CMakeFiles/bitdoglab_project.dir/C_/Users/ismae/.pico-sdk/sdk/2.1.1/src/rp2_common/pico_standard_binary_info/standard_binary_info.c.obj
 .rodata.__bi_26
                0x10006324        0xc CMakeFiles/bitdoglab_project.dir/C_/Users/ismae/.pico-sdk/sdk/2.1.1/src/rp2_common/pico_standard_binary_info/standard_binary_info.c.obj
 .rodata.crlf_str.0
                0x10006330        0x2 CMakeFiles/bitdoglab_project.dir/C_/Users/ismae/.pico-sdk/sdk/2.1.1/src/rp2_common/pico_stdio/stdio.c.obj
 .rodata.str1.4
                0x10006332       0x2c CMakeFiles/bitdoglab_project.dir/C_/Users/ismae/.pico-sdk/sdk/2.1.1/src/rp2_common/pico_stdio_uart/stdio_uart.c.obj
 *fill*         0x10006332        0x2 
 .rodata.__bi_45.4
                0x10006334        0xc CMakeFiles/bitdoglab_project.dir/C_/Users/ismae/.pico-sdk/sdk/2.1.1/src/rp2_common/pico_stdio_uart/stdio_uart.c.obj
 .rodata.__bi_49.5
                0x10006340        0x8 CMakeFiles/bitdoglab_project.dir/C_/Users/ismae/.pico-sdk/sdk/2.1.1/src/rp2_common/pico_stdio_uart/stdio_uart.c.obj
 .rodata.__bi_50.6
                0x10006348        0x8 CMakeFiles/bitdoglab_project.dir/C_/Users/ismae/.pico-sdk/sdk/2.1.1/src/rp2_common/pico_stdio_uart/stdio_uart.c.obj
 .rodata._resetd_driver
                0x10006350       0x20 CMakeFiles/bitdoglab_project.dir/C_/Users/ismae/.pico-sdk/sdk/2.1.1/src/rp2_common/pico_stdio_usb/reset_interface.c.obj
 .rodata.desc_ms_os_20
                0x10006370       0xa6 CMakeFiles/bitdoglab_project.dir/C_/Users/ismae/.pico-sdk/sdk/2.1.1/src/rp2_common/pico_stdio_usb/reset_interface.c.obj
 *fill*         0x10006416        0x2 
 .rodata.desc_bos
                0x10006418       0x21 CMakeFiles/bitdoglab_project.dir/C_/Users/ismae/.pico-sdk/sdk/2.1.1/src/rp2_common/pico_stdio_usb/reset_interface.c.obj
                0x10006418                desc_bos
 .rodata.str1.4
                0x10006439       0x13 CMakeFiles/bitdoglab_project.dir/C_/Users/ismae/.pico-sdk/sdk/2.1.1/src/rp2_common/pico_stdio_usb/stdio_usb.c.obj
 *fill*         0x10006439        0x3 
 .rodata.__bi_197.0
                0x1000643c        0xc CMakeFiles/bitdoglab_project.dir/C_/Users/ismae/.pico-sdk/sdk/2.1.1/src/rp2_common/pico_stdio_usb/stdio_usb.c.obj
 .rodata.str1.4
                0x10006448       0x2a CMakeFiles/bitdoglab_project.dir/C_/Users/ismae/.pico-sdk/sdk/2.1.1/src/rp2_common/pico_stdio_usb/stdio_usb_descriptors.c.obj
 .rodata.usbd_desc_str
                0x10006448       0x18 CMakeFiles/bitdoglab_project.dir/C_/Users/ismae/.pico-sdk/sdk/2.1.1/src/rp2_common/pico_stdio_usb/stdio_usb_descriptors.c.obj
 .rodata.usbd_desc_cfg
                0x10006460       0x54 CMakeFiles/bitdoglab_project.dir/C_/Users/ismae/.pico-sdk/sdk/2.1.1/src/rp2_common/pico_stdio_usb/stdio_usb_descriptors.c.obj
 .rodata.usbd_desc_device
                0x100064b4       0x12 CMakeFiles/bitdoglab_project.dir/C_/Users/ismae/.pico-sdk/sdk/2.1.1/src/rp2_common/pico_stdio_usb/stdio_usb_descriptors.c.obj
 .rodata.str1.4
                0x100064c6       0x14 CMakeFiles/bitdoglab_project.dir/C_/Users/ismae/.pico-sdk/sdk/2.1.1/lib/tinyusb/src/portable/raspberrypi/rp2040/dcd_rp2040.c.obj
 .rodata.str1.4
                0x100064c6       0x48 CMakeFiles/bitdoglab_project.dir/C_/Users/ismae/.pico-sdk/sdk/2.1.1/lib/tinyusb/src/portable/raspberrypi/rp2040/rp2040_usb.c.obj
 *fill*         0x100064c6        0x2 
 .rodata.tud_task_ext
                0x100064c8       0x8c CMakeFiles/bitdoglab_project.dir/C_/Users/ismae/.pico-sdk/sdk/2.1.1/lib/tinyusb/src/device/usbd.c.obj
 .rodata        0x10006554       0x1c CMakeFiles/bitdoglab_project.dir/C_/Users/ismae/.pico-sdk/sdk/2.1.1/lib/tinyusb/src/device/usbd.c.obj
 .rodata._usbd_driver
                0x10006570       0x40 CMakeFiles/bitdoglab_project.dir/C_/Users/ismae/.pico-sdk/sdk/2.1.1/lib/tinyusb/src/device/usbd.c.obj
 .rodata.pio_claim_unused_sm.str1.4
                0x100065b0       0x24 CMakeFiles/bitdoglab_project.dir/C_/Users/ismae/.pico-sdk/sdk/2.1.1/src/rp2_common/hardware_pio/pio.c.obj
 .rodata.ws2818b_program
                0x100065b0        0x8 libs/malha_led/libmalha_led.a(malha_led.c.obj)
 .rodata.ws2818b_program_instructions
                0x100065b8        0x8 libs/malha_led/libmalha_led.a(malha_led.c.obj)
                0x100065d4                        . = ALIGN (0x4)
 *(SORT_BY_ALIGNMENT(SORT_BY_NAME(.flashdata*)))
                0x100065d4                        . = ALIGN (0x4)

.ARM.extab
 *(.ARM.extab* .gnu.linkonce.armextab.*)
                0x100065c0                        __exidx_start = .

.ARM.exidx
 *(.ARM.exidx* .gnu.linkonce.armexidx.*)
                0x100065c0                        __exidx_end = .
                0x100065d4                        . = ALIGN (0x4)
                0x100065c0                        __binary_info_start = .

.binary_info    0x100065c0       0x30
 *(.binary_info.keep.*)
 .binary_info.keep.__bi_ptr84
                0x100065c0        0x4 CMakeFiles/bitdoglab_project.dir/C_/Users/ismae/.pico-sdk/sdk/2.1.1/src/rp2_common/pico_standard_binary_info/standard_binary_info.c.obj
 .binary_info.keep.__bi_ptr78
                0x100065c4        0x4 CMakeFiles/bitdoglab_project.dir/C_/Users/ismae/.pico-sdk/sdk/2.1.1/src/rp2_common/pico_standard_binary_info/standard_binary_info.c.obj
 .binary_info.keep.__bi_ptr60
                0x100065c8        0x4 CMakeFiles/bitdoglab_project.dir/C_/Users/ismae/.pico-sdk/sdk/2.1.1/src/rp2_common/pico_standard_binary_info/standard_binary_info.c.obj
 .binary_info.keep.__bi_ptr54
                0x100065cc        0x4 CMakeFiles/bitdoglab_project.dir/C_/Users/ismae/.pico-sdk/sdk/2.1.1/src/rp2_common/pico_standard_binary_info/standard_binary_info.c.obj
 .binary_info.keep.__bi_ptr48
                0x100065d0        0x4 CMakeFiles/bitdoglab_project.dir/C_/Users/ismae/.pico-sdk/sdk/2.1.1/src/rp2_common/pico_standard_binary_info/standard_binary_info.c.obj
 .binary_info.keep.__bi_ptr42
                0x100065d4        0x4 CMakeFiles/bitdoglab_project.dir/C_/Users/ismae/.pico-sdk/sdk/2.1.1/src/rp2_common/pico_standard_binary_info/standard_binary_info.c.obj
 .binary_info.keep.__bi_ptr34
                0x100065d8        0x4 CMakeFiles/bitdoglab_project.dir/C_/Users/ismae/.pico-sdk/sdk/2.1.1/src/rp2_common/pico_standard_binary_info/standard_binary_info.c.obj
 .binary_info.keep.__bi_ptr26
                0x100065dc        0x4 CMakeFiles/bitdoglab_project.dir/C_/Users/ismae/.pico-sdk/sdk/2.1.1/src/rp2_common/pico_standard_binary_info/standard_binary_info.c.obj
 *(.binary_info.*)
 .binary_info.__bi_ptr50
                0x100065e0        0x4 CMakeFiles/bitdoglab_project.dir/C_/Users/ismae/.pico-sdk/sdk/2.1.1/src/rp2_common/pico_stdio_uart/stdio_uart.c.obj
 .binary_info.__bi_ptr49
                0x100065e4        0x4 CMakeFiles/bitdoglab_project.dir/C_/Users/ismae/.pico-sdk/sdk/2.1.1/src/rp2_common/pico_stdio_uart/stdio_uart.c.obj
 .binary_info.__bi_ptr45
                0x100065e8        0x4 CMakeFiles/bitdoglab_project.dir/C_/Users/ismae/.pico-sdk/sdk/2.1.1/src/rp2_common/pico_stdio_uart/stdio_uart.c.obj
 .binary_info.__bi_ptr197
                0x100065ec        0x4 CMakeFiles/bitdoglab_project.dir/C_/Users/ismae/.pico-sdk/sdk/2.1.1/src/rp2_common/pico_stdio_usb/stdio_usb.c.obj
                0x100065f0                        __binary_info_end = .

.rel.dyn        0x100065f0        0x0
 .rel.iplt      0x100065f0        0x0 C:/Users/ismae/.pico-sdk/toolchain/14_2_Rel1/bin/../lib/gcc/arm-none-eabi/14.2.1/thumb/v6-m/nofp/crtbegin.o
                0x100065f0                        . = ALIGN (0x4)

.ram_vector_table
                0x20000000       0xc0
 *(.ram_vector_table)
 .ram_vector_table
                0x20000000       0xc0 CMakeFiles/bitdoglab_project.dir/C_/Users/ismae/.pico-sdk/sdk/2.1.1/src/rp2_common/pico_runtime_init/runtime_init.c.obj
                0x20000000                ram_vector_table

.uninitialized_data
                0x200000c0        0x0
                0x200000c0                        . = ALIGN (0x4)
 *(.uninitialized_data*)

.data           0x200000c0     0x1538 load address 0x100065f0
                0x200000c0                        __data_start__ = .
 *(vtable)
 *(.time_critical*)
 .time_critical.mutex_try_enter
                0x200000c0       0x40 CMakeFiles/bitdoglab_project.dir/C_/Users/ismae/.pico-sdk/sdk/2.1.1/src/common/pico_sync/mutex.c.obj
                0x200000c0                mutex_try_enter
 .time_critical.mutex_try_enter_block_until
                0x20000100       0x98 CMakeFiles/bitdoglab_project.dir/C_/Users/ismae/.pico-sdk/sdk/2.1.1/src/common/pico_sync/mutex.c.obj
                0x20000100                mutex_try_enter_block_until
 .time_critical.mutex_enter_timeout_ms
                0x20000198       0x8c CMakeFiles/bitdoglab_project.dir/C_/Users/ismae/.pico-sdk/sdk/2.1.1/src/common/pico_sync/mutex.c.obj
                0x20000198                mutex_enter_timeout_ms
 .time_critical.mutex_exit
                0x20000224       0x28 CMakeFiles/bitdoglab_project.dir/C_/Users/ismae/.pico-sdk/sdk/2.1.1/src/common/pico_sync/mutex.c.obj
                0x20000224                mutex_exit
 .time_critical.flash_init_boot2_copyout
                0x2000024c       0x30 CMakeFiles/bitdoglab_project.dir/C_/Users/ismae/.pico-sdk/sdk/2.1.1/src/rp2_common/hardware_flash/flash.c.obj
 .time_critical.flash_enable_xip_via_boot2
                0x2000027c        0xc CMakeFiles/bitdoglab_project.dir/C_/Users/ismae/.pico-sdk/sdk/2.1.1/src/rp2_common/hardware_flash/flash.c.obj
 .time_critical.flash_cs_force
                0x20000288       0x38 CMakeFiles/bitdoglab_project.dir/C_/Users/ismae/.pico-sdk/sdk/2.1.1/src/rp2_common/hardware_flash/flash.c.obj
 .time_critical.flash_do_cmd
                0x200002c0      0x130 CMakeFiles/bitdoglab_project.dir/C_/Users/ismae/.pico-sdk/sdk/2.1.1/src/rp2_common/hardware_flash/flash.c.obj
                0x200002c0                flash_do_cmd
 .time_critical.reset_non_control_endpoints
                0x200003f0       0x68 CMakeFiles/bitdoglab_project.dir/C_/Users/ismae/.pico-sdk/sdk/2.1.1/lib/tinyusb/src/portable/raspberrypi/rp2040/dcd_rp2040.c.obj
 .time_critical.hw_handle_buff_status
                0x20000458       0xa0 CMakeFiles/bitdoglab_project.dir/C_/Users/ismae/.pico-sdk/sdk/2.1.1/lib/tinyusb/src/portable/raspberrypi/rp2040/dcd_rp2040.c.obj
 .time_critical.dcd_rp2040_irq
                0x200004f8      0x548 CMakeFiles/bitdoglab_project.dir/C_/Users/ismae/.pico-sdk/sdk/2.1.1/lib/tinyusb/src/portable/raspberrypi/rp2040/dcd_rp2040.c.obj
 .time_critical.prepare_ep_buffer
                0x20000a40       0xc8 CMakeFiles/bitdoglab_project.dir/C_/Users/ismae/.pico-sdk/sdk/2.1.1/lib/tinyusb/src/portable/raspberrypi/rp2040/rp2040_usb.c.obj
 .time_critical.sync_ep_buffer
                0x20000b08       0x9c CMakeFiles/bitdoglab_project.dir/C_/Users/ismae/.pico-sdk/sdk/2.1.1/lib/tinyusb/src/portable/raspberrypi/rp2040/rp2040_usb.c.obj
 .time_critical._hw_endpoint_xfer_sync
                0x20000ba4       0x28 CMakeFiles/bitdoglab_project.dir/C_/Users/ismae/.pico-sdk/sdk/2.1.1/lib/tinyusb/src/portable/raspberrypi/rp2040/rp2040_usb.c.obj
 .time_critical.e15_is_bulkin_ep
                0x20000bcc       0x28 CMakeFiles/bitdoglab_project.dir/C_/Users/ismae/.pico-sdk/sdk/2.1.1/lib/tinyusb/src/portable/raspberrypi/rp2040/rp2040_usb.c.obj
 .time_critical.e15_is_critical_frame_period
                0x20000bf4       0x34 CMakeFiles/bitdoglab_project.dir/C_/Users/ismae/.pico-sdk/sdk/2.1.1/lib/tinyusb/src/portable/raspberrypi/rp2040/rp2040_usb.c.obj
 .time_critical.hw_endpoint_reset_transfer
                0x20000c28        0xc CMakeFiles/bitdoglab_project.dir/C_/Users/ismae/.pico-sdk/sdk/2.1.1/lib/tinyusb/src/portable/raspberrypi/rp2040/rp2040_usb.c.obj
                0x20000c28                hw_endpoint_reset_transfer
 .time_critical._hw_endpoint_buffer_control_update32
                0x20000c34       0x50 CMakeFiles/bitdoglab_project.dir/C_/Users/ismae/.pico-sdk/sdk/2.1.1/lib/tinyusb/src/portable/raspberrypi/rp2040/rp2040_usb.c.obj
                0x20000c34                _hw_endpoint_buffer_control_update32
 .time_critical.hw_endpoint_start_next_buffer
                0x20000c84       0x68 CMakeFiles/bitdoglab_project.dir/C_/Users/ismae/.pico-sdk/sdk/2.1.1/lib/tinyusb/src/portable/raspberrypi/rp2040/rp2040_usb.c.obj
                0x20000c84                hw_endpoint_start_next_buffer
 .time_critical.hw_endpoint_xfer_continue
                0x20000cec       0x40 CMakeFiles/bitdoglab_project.dir/C_/Users/ismae/.pico-sdk/sdk/2.1.1/lib/tinyusb/src/portable/raspberrypi/rp2040/rp2040_usb.c.obj
                0x20000cec                hw_endpoint_xfer_continue
 .time_critical.tinyusb
                0x20000d2c      0x1e4 CMakeFiles/bitdoglab_project.dir/C_/Users/ismae/.pico-sdk/sdk/2.1.1/lib/tinyusb/src/device/usbd.c.obj
                0x20000d2c                dcd_event_handler
 *(.text*)
 .text          0x20000f10        0x4 C:/Users/ismae/.pico-sdk/toolchain/14_2_Rel1/bin/../lib/gcc/arm-none-eabi/14.2.1/thumb/v6-m/nofp\libgcc.a(_dvmd_tls.o)
                0x20000f10                __aeabi_idiv0
                0x20000f10                __aeabi_ldiv0
 *fill*         0x20000f14        0x4 
 .text.__stub   0x20000f18       0x80 linker stubs
                0x20000f98                        . = ALIGN (0x4)
 *(.rodata*)
                0x20000f98                        . = ALIGN (0x4)
 *(.data*)
 .data.led_5    0x20000f98        0x5 CMakeFiles/bitdoglab_project.dir/main.c.obj
                0x20000f98                led_5
 *fill*         0x20000f9d        0x3 
 .data.led_4    0x20000fa0        0x5 CMakeFiles/bitdoglab_project.dir/main.c.obj
                0x20000fa0                led_4
 *fill*         0x20000fa5        0x3 
 .data.led_3    0x20000fa8        0x5 CMakeFiles/bitdoglab_project.dir/main.c.obj
                0x20000fa8                led_3
 *fill*         0x20000fad        0x3 
 .data.led_2    0x20000fb0        0x5 CMakeFiles/bitdoglab_project.dir/main.c.obj
                0x20000fb0                led_2
 *fill*         0x20000fb5        0x3 
 .data.led_1    0x20000fb8        0x5 CMakeFiles/bitdoglab_project.dir/main.c.obj
                0x20000fb8                led_1
 .data.striped_spin_lock_num
                0x20000fbd        0x1 CMakeFiles/bitdoglab_project.dir/C_/Users/ismae/.pico-sdk/sdk/2.1.1/src/rp2_common/hardware_sync/sync.c.obj
 *fill*         0x20000fbe        0x2 
 .data          0x20000fc0       0x48 CMakeFiles/bitdoglab_project.dir/C_/Users/ismae/.pico-sdk/sdk/2.1.1/src/rp2_common/hardware_irq/irq_handler_chain.S.obj
                0x20000fc0                irq_handler_chain_slots
                0x20000ff0                irq_handler_chain_first_slot
                0x20000ffa                irq_handler_chain_remove_tail
 .data.default_alarm_pool
                0x20001008       0x18 CMakeFiles/bitdoglab_project.dir/C_/Users/ismae/.pico-sdk/sdk/2.1.1/src/common/pico_time/time.c.obj
 *fill*         0x20001020        0x0 
 .data.aeabi_bits_funcs
                0x20001020       0x10 CMakeFiles/bitdoglab_project.dir/C_/Users/ismae/.pico-sdk/sdk/2.1.1/src/rp2_common/pico_bit_ops/bit_ops_aeabi.S.obj
                0x20001020                aeabi_bits_funcs
                0x20001030                aeabi_bits_funcs_end
 .data.aeabi_mem_funcs
                0x20001030       0x10 CMakeFiles/bitdoglab_project.dir/C_/Users/ismae/.pico-sdk/sdk/2.1.1/src/rp2_common/pico_mem_ops/mem_ops_aeabi.S.obj
                0x20001030                aeabi_mem_funcs
                0x20001040                aeabi_mem_funcs_end
 .data.stdio_uart
                0x20001040       0x18 CMakeFiles/bitdoglab_project.dir/C_/Users/ismae/.pico-sdk/sdk/2.1.1/src/rp2_common/pico_stdio_uart/stdio_uart.c.obj
                0x20001040                stdio_uart
 .data.stdio_usb
                0x20001058       0x18 CMakeFiles/bitdoglab_project.dir/C_/Users/ismae/.pico-sdk/sdk/2.1.1/src/rp2_common/pico_stdio_usb/stdio_usb.c.obj
                0x20001058                stdio_usb
 .data._usbd_qdef
                0x20001070       0x1c CMakeFiles/bitdoglab_project.dir/C_/Users/ismae/.pico-sdk/sdk/2.1.1/lib/tinyusb/src/device/usbd.c.obj
                0x20001070                _usbd_qdef
 .data._usbd_rhport
                0x2000108c        0x1 CMakeFiles/bitdoglab_project.dir/C_/Users/ismae/.pico-sdk/sdk/2.1.1/lib/tinyusb/src/device/usbd.c.obj
 *fill*         0x2000108d        0x1 
 .data.offset   0x2000108e        0x2 libs/mic/libmic.a(mic.c.obj)
                0x2000108e                offset
 .data.tema_cor
                0x20001090        0x3 libs/malha_led/libmalha_led.a(malha_led.c.obj)
                0x20001090                tema_cor
 *fill*         0x20001093        0x1 
 .data.__malloc_sbrk_base
                0x20001094        0x4 C:/Users/ismae/.pico-sdk/toolchain/14_2_Rel1/bin/../lib/gcc/arm-none-eabi/14.2.1/thumb/v6-m/nofp\libg.a(libc_a-mallocr.o)
                0x20001094                __malloc_sbrk_base
 .data.__malloc_trim_threshold
                0x20001098        0x4 C:/Users/ismae/.pico-sdk/toolchain/14_2_Rel1/bin/../lib/gcc/arm-none-eabi/14.2.1/thumb/v6-m/nofp\libg.a(libc_a-mallocr.o)
                0x20001098                __malloc_trim_threshold
 *fill*         0x2000109c        0x4 
 .data.__malloc_av_
                0x200010a0      0x408 C:/Users/ismae/.pico-sdk/toolchain/14_2_Rel1/bin/../lib/gcc/arm-none-eabi/14.2.1/thumb/v6-m/nofp\libg.a(libc_a-mallocr.o)
                0x200010a0                __malloc_av_
 .data._impure_ptr
                0x200014a8        0x4 C:/Users/ismae/.pico-sdk/toolchain/14_2_Rel1/bin/../lib/gcc/arm-none-eabi/14.2.1/thumb/v6-m/nofp\libg.a(libc_a-impure.o)
                0x200014a8                _impure_ptr
 *fill*         0x200014ac        0x4 
 .data._impure_data
                0x200014b0      0x140 C:/Users/ismae/.pico-sdk/toolchain/14_2_Rel1/bin/../lib/gcc/arm-none-eabi/14.2.1/thumb/v6-m/nofp\libg.a(libc_a-impure.o)
                0x200014b0                _impure_data
                0x200015f0                        . = ALIGN (0x4)
 *(.after_data.*)
                0x200015f0                        . = ALIGN (0x4)
                0x200015f0                        PROVIDE (__mutex_array_start = .)
 *(SORT_BY_NAME(.mutex_array.*))
 *(.mutex_array)
 .mutex_array   0x200015f0        0x8 CMakeFiles/bitdoglab_project.dir/C_/Users/ismae/.pico-sdk/sdk/2.1.1/src/rp2_common/pico_stdio/stdio.c.obj
                0x200015f8                        PROVIDE (__mutex_array_end = .)
                0x200015f8                        . = ALIGN (0x4)
 *(.jcr)
                0x200015f8                        . = ALIGN (0x4)

.tm_clone_table
                0x200015f8        0x0 load address 0x10007b28
 .tm_clone_table
                0x200015f8        0x0 C:/Users/ismae/.pico-sdk/toolchain/14_2_Rel1/bin/../lib/gcc/arm-none-eabi/14.2.1/thumb/v6-m/nofp/crtbegin.o
 .tm_clone_table
                0x200015f8        0x0 C:/Users/ismae/.pico-sdk/toolchain/14_2_Rel1/bin/../lib/gcc/arm-none-eabi/14.2.1/thumb/v6-m/nofp/crtend.o

.igot.plt       0x200015f8        0x0 load address 0x10007b28
 .igot.plt      0x200015f8        0x0 C:/Users/ismae/.pico-sdk/toolchain/14_2_Rel1/bin/../lib/gcc/arm-none-eabi/14.2.1/thumb/v6-m/nofp/crtbegin.o

.tdata          0x200015f8        0x0 load address 0x10007b28
                0x200015f8                        . = ALIGN (0x4)
 *(.tdata .tdata.* .gnu.linkonce.td.*)
                0x200015f8                        __tdata_end = .
                0x200015f8                        PROVIDE (__data_end__ = .)
                0x100065f0                        __etext = LOADADDR (.data)

.tbss           0x200015f8        0x0 load address 0x10007b28
                0x200015f8                        . = ALIGN (0x4)
                0x200015f8                        __bss_start__ = .
                0x200015f8                        __tls_base = .
 *(.tbss .tbss.* .gnu.linkonce.tb.*)
 *(.tcommon)
                0x200015f8                        __tls_end = .

.bss            0x200015f8     0x10f0 load address 0x10007b28
                0x200015f8                        . = ALIGN (0x4)
                0x200015f8                        __tbss_end = .
 *(SORT_BY_ALIGNMENT(SORT_BY_NAME(.bss*)))
 .bss.default_alarm_pool_entries
                0x200015f8      0x180 CMakeFiles/bitdoglab_project.dir/C_/Users/ismae/.pico-sdk/sdk/2.1.1/src/common/pico_time/time.c.obj
 .bss.last_avail_time.1
                0x20001778        0x8 CMakeFiles/bitdoglab_project.dir/C_/Users/ismae/.pico-sdk/sdk/2.1.1/src/rp2_common/pico_stdio_usb/stdio_usb.c.obj
 .bss.leds      0x20001780       0x4b libs/malha_led/libmalha_led.a(malha_led.c.obj)
 *fill*         0x200017cb        0x5 
 .bss.sd_table  0x200017d0      0x100 CMakeFiles/bitdoglab_project.dir/C_/Users/ismae/.pico-sdk/sdk/2.1.1/src/rp2_common/pico_double/double_init_rom_rp2040.c.obj
                0x200017d0                sd_table
 .bss.__lock___malloc_recursive_mutex
                0x200018d0        0x1 C:/Users/ismae/.pico-sdk/toolchain/14_2_Rel1/bin/../lib/gcc/arm-none-eabi/14.2.1/thumb/v6-m/nofp\libg.a(libc_a-lock.o)
                0x200018d0                __lock___malloc_recursive_mutex
 *fill*         0x200018d1        0x3 
 .bss.__malloc_current_mallinfo
                0x200018d4       0x28 C:/Users/ismae/.pico-sdk/toolchain/14_2_Rel1/bin/../lib/gcc/arm-none-eabi/14.2.1/thumb/v6-m/nofp\libg.a(libc_a-mallocr.o)
                0x200018d4                __malloc_current_mallinfo
 .bss.__malloc_max_sbrked_mem
                0x200018fc        0x4 C:/Users/ismae/.pico-sdk/toolchain/14_2_Rel1/bin/../lib/gcc/arm-none-eabi/14.2.1/thumb/v6-m/nofp\libg.a(libc_a-mallocr.o)
                0x200018fc                __malloc_max_sbrked_mem
 .bss.__malloc_max_total_mem
                0x20001900        0x4 C:/Users/ismae/.pico-sdk/toolchain/14_2_Rel1/bin/../lib/gcc/arm-none-eabi/14.2.1/thumb/v6-m/nofp\libg.a(libc_a-mallocr.o)
                0x20001900                __malloc_max_total_mem
 .bss.__malloc_top_pad
                0x20001904        0x4 C:/Users/ismae/.pico-sdk/toolchain/14_2_Rel1/bin/../lib/gcc/arm-none-eabi/14.2.1/thumb/v6-m/nofp\libg.a(libc_a-mallocr.o)
                0x20001904                __malloc_top_pad
 .bss.__sf      0x20001908      0x138 C:/Users/ismae/.pico-sdk/toolchain/14_2_Rel1/bin/../lib/gcc/arm-none-eabi/14.2.1/thumb/v6-m/nofp\libg.a(libc_a-findfp.o)
                0x20001908                __sf
 .bss._app_driver
                0x20001a40        0x4 CMakeFiles/bitdoglab_project.dir/C_/Users/ismae/.pico-sdk/sdk/2.1.1/lib/tinyusb/src/device/usbd.c.obj
 .bss._cdcd_epbuf
                0x20001a44       0x80 CMakeFiles/bitdoglab_project.dir/C_/Users/ismae/.pico-sdk/sdk/2.1.1/lib/tinyusb/src/class/cdc/cdc_device.c.obj
 .bss._cdcd_fifo_cfg
                0x20001ac4        0x1 CMakeFiles/bitdoglab_project.dir/C_/Users/ismae/.pico-sdk/sdk/2.1.1/lib/tinyusb/src/class/cdc/cdc_device.c.obj
 *fill*         0x20001ac5        0x3 
 .bss._cdcd_itf
                0x20001ac8       0xc8 CMakeFiles/bitdoglab_project.dir/C_/Users/ismae/.pico-sdk/sdk/2.1.1/lib/tinyusb/src/class/cdc/cdc_device.c.obj
 .bss._ctrl_epbuf
                0x20001b90       0x40 CMakeFiles/bitdoglab_project.dir/C_/Users/ismae/.pico-sdk/sdk/2.1.1/lib/tinyusb/src/device/usbd_control.c.obj
 .bss._ctrl_xfer
                0x20001bd0       0x14 CMakeFiles/bitdoglab_project.dir/C_/Users/ismae/.pico-sdk/sdk/2.1.1/lib/tinyusb/src/device/usbd_control.c.obj
 .bss._tusb_rhport_role
                0x20001be4        0x2 CMakeFiles/bitdoglab_project.dir/C_/Users/ismae/.pico-sdk/sdk/2.1.1/lib/tinyusb/src/tusb.c.obj
                0x20001be4                _tusb_rhport_role
 *fill*         0x20001be6        0x2 
 .bss._ubsd_mutexdef
                0x20001be8        0x8 CMakeFiles/bitdoglab_project.dir/C_/Users/ismae/.pico-sdk/sdk/2.1.1/lib/tinyusb/src/device/usbd.c.obj
 .bss._usbd_dev
                0x20001bf0       0x54 CMakeFiles/bitdoglab_project.dir/C_/Users/ismae/.pico-sdk/sdk/2.1.1/lib/tinyusb/src/device/usbd.c.obj
 .bss._usbd_mutex
                0x20001c44        0x4 CMakeFiles/bitdoglab_project.dir/C_/Users/ismae/.pico-sdk/sdk/2.1.1/lib/tinyusb/src/device/usbd.c.obj
 .bss._usbd_q   0x20001c48        0x4 CMakeFiles/bitdoglab_project.dir/C_/Users/ismae/.pico-sdk/sdk/2.1.1/lib/tinyusb/src/device/usbd.c.obj
 .bss._usbd_qdef_buf
                0x20001c4c       0xc0 CMakeFiles/bitdoglab_project.dir/C_/Users/ismae/.pico-sdk/sdk/2.1.1/lib/tinyusb/src/device/usbd.c.obj
                0x20001c4c                _usbd_qdef_buf
 .bss._used_instruction_space
                0x20001d0c        0x8 CMakeFiles/bitdoglab_project.dir/C_/Users/ismae/.pico-sdk/sdk/2.1.1/src/rp2_common/hardware_pio/pio.c.obj
 .bss._vendord_epbuf
                0x20001d14       0x80 CMakeFiles/bitdoglab_project.dir/C_/Users/ismae/.pico-sdk/sdk/2.1.1/lib/tinyusb/src/class/vendor/vendor_device.c.obj
 .bss._vendord_itf
                0x20001d94      0x24c CMakeFiles/bitdoglab_project.dir/C_/Users/ismae/.pico-sdk/sdk/2.1.1/lib/tinyusb/src/class/vendor/vendor_device.c.obj
 .bss.boot2_copyout
                0x20001fe0      0x100 CMakeFiles/bitdoglab_project.dir/C_/Users/ismae/.pico-sdk/sdk/2.1.1/src/rp2_common/hardware_flash/flash.c.obj
 .bss.chars_available_callback
                0x200020e0        0x4 CMakeFiles/bitdoglab_project.dir/C_/Users/ismae/.pico-sdk/sdk/2.1.1/src/rp2_common/pico_stdio_uart/stdio_uart.c.obj
 .bss.chars_available_callback
                0x200020e4        0x4 CMakeFiles/bitdoglab_project.dir/C_/Users/ismae/.pico-sdk/sdk/2.1.1/src/rp2_common/pico_stdio_usb/stdio_usb.c.obj
 .bss.chars_available_param
                0x200020e8        0x4 CMakeFiles/bitdoglab_project.dir/C_/Users/ismae/.pico-sdk/sdk/2.1.1/src/rp2_common/pico_stdio_uart/stdio_uart.c.obj
 .bss.chars_available_param
                0x200020ec        0x4 CMakeFiles/bitdoglab_project.dir/C_/Users/ismae/.pico-sdk/sdk/2.1.1/src/rp2_common/pico_stdio_usb/stdio_usb.c.obj
 .bss.claimed   0x200020f0        0x4 CMakeFiles/bitdoglab_project.dir/C_/Users/ismae/.pico-sdk/sdk/2.1.1/src/rp2_common/hardware_sync/sync.c.obj
 .bss.claimed   0x200020f4        0x1 CMakeFiles/bitdoglab_project.dir/C_/Users/ismae/.pico-sdk/sdk/2.1.1/src/rp2_common/hardware_timer/timer.c.obj
 *fill*         0x200020f5        0x3 
 .bss.claimed   0x200020f8        0x1 CMakeFiles/bitdoglab_project.dir/C_/Users/ismae/.pico-sdk/sdk/2.1.1/src/rp2_common/hardware_pio/pio.c.obj
 *fill*         0x200020f9        0x3 
 .bss.configured_freq
                0x200020fc       0x28 CMakeFiles/bitdoglab_project.dir/C_/Users/ismae/.pico-sdk/sdk/2.1.1/src/rp2_common/hardware_clocks/clocks.c.obj
 .bss.desc_str.0
                0x20002124       0x28 CMakeFiles/bitdoglab_project.dir/C_/Users/ismae/.pico-sdk/sdk/2.1.1/src/rp2_common/pico_stdio_usb/stdio_usb_descriptors.c.obj
 .bss.drivers   0x2000214c        0x4 CMakeFiles/bitdoglab_project.dir/C_/Users/ismae/.pico-sdk/sdk/2.1.1/src/rp2_common/pico_stdio/stdio.c.obj
 .bss.e15_last_sof
                0x20002150        0x4 CMakeFiles/bitdoglab_project.dir/C_/Users/ismae/.pico-sdk/sdk/2.1.1/lib/tinyusb/src/portable/raspberrypi/rp2040/rp2040_usb.c.obj
                0x20002150                e15_last_sof